Component: ARM Compiler 5.06 update 7 (build 960) Tool: armlink [4d3601]

==============================================================================

Section Cross References

    startup_stm32f103xe.o(STACK) refers (Special) to heapauxi.o(.text) for __use_two_region_memory
    startup_stm32f103xe.o(HEAP) refers (Special) to heapauxi.o(.text) for __use_two_region_memory
    startup_stm32f103xe.o(RESET) refers (Special) to heapauxi.o(.text) for __use_two_region_memory
    startup_stm32f103xe.o(RESET) refers to startup_stm32f103xe.o(STACK) for __initial_sp
    startup_stm32f103xe.o(RESET) refers to startup_stm32f103xe.o(.text) for Reset_Handler
    startup_stm32f103xe.o(RESET) refers to stm32f1xx_it.o(i.NMI_Handler) for NMI_Handler
    startup_stm32f103xe.o(RESET) refers to stm32f1xx_it.o(i.HardFault_Handler) for HardFault_Handler
    startup_stm32f103xe.o(RESET) refers to stm32f1xx_it.o(i.MemManage_Handler) for MemManage_Handler
    startup_stm32f103xe.o(RESET) refers to stm32f1xx_it.o(i.BusFault_Handler) for BusFault_Handler
    startup_stm32f103xe.o(RESET) refers to stm32f1xx_it.o(i.UsageFault_Handler) for UsageFault_Handler
    startup_stm32f103xe.o(RESET) refers to port.o(.emb_text) for SVC_Handler
    startup_stm32f103xe.o(RESET) refers to stm32f1xx_it.o(i.DebugMon_Handler) for DebugMon_Handler
    startup_stm32f103xe.o(RESET) refers to port.o(i.SysTick_Handler) for SysTick_Handler
    startup_stm32f103xe.o(RESET) refers to stm32f1xx_it.o(i.TIM1_UP_IRQHandler) for TIM1_UP_IRQHandler
    startup_stm32f103xe.o(RESET) refers to stm32f1xx_it.o(i.TIM8_UP_IRQHandler) for TIM8_UP_IRQHandler
    startup_stm32f103xe.o(RESET) refers to stm32f1xx_it.o(i.UART4_IRQHandler) for UART4_IRQHandler
    startup_stm32f103xe.o(RESET) refers to stm32f1xx_it.o(i.TIM6_IRQHandler) for TIM6_IRQHandler
    startup_stm32f103xe.o(.text) refers (Special) to heapauxi.o(.text) for __use_two_region_memory
    startup_stm32f103xe.o(.text) refers to system_stm32f1xx.o(i.SystemInit) for SystemInit
    startup_stm32f103xe.o(.text) refers to __main.o(!!!main) for __main
    startup_stm32f103xe.o(.text) refers to startup_stm32f103xe.o(HEAP) for Heap_Mem
    startup_stm32f103xe.o(.text) refers to startup_stm32f103xe.o(STACK) for Stack_Mem
    main.o(i.HAL_TIM_PeriodElapsedCallback) refers to stm32f1xx_hal.o(i.HAL_IncTick) for HAL_IncTick
    main.o(i.HAL_TIM_PeriodElapsedCallback) refers to encoder.o(i.pid_control) for pid_control
    main.o(i.HAL_TIM_PeriodElapsedCallback) refers to encoder.o(i.Set_Pwm) for Set_Pwm
    main.o(i.SystemClock_Config) refers to rt_memclr_w.o(.text) for __aeabi_memclr4
    main.o(i.SystemClock_Config) refers to stm32f1xx_hal_rcc.o(i.HAL_RCC_OscConfig) for HAL_RCC_OscConfig
    main.o(i.SystemClock_Config) refers to stm32f1xx_hal_rcc.o(i.HAL_RCC_ClockConfig) for HAL_RCC_ClockConfig
    main.o(i.SystemClock_Config) refers to stm32f1xx_hal_rcc_ex.o(i.HAL_RCCEx_PeriphCLKConfig) for HAL_RCCEx_PeriphCLKConfig
    main.o(i.main) refers to stm32f1xx_hal.o(i.HAL_Init) for HAL_Init
    main.o(i.main) refers to main.o(i.SystemClock_Config) for SystemClock_Config
    main.o(i.main) refers to gpio.o(i.MX_GPIO_Init) for MX_GPIO_Init
    main.o(i.main) refers to rtc.o(i.MX_RTC_Init) for MX_RTC_Init
    main.o(i.main) refers to tim.o(i.MX_TIM1_Init) for MX_TIM1_Init
    main.o(i.main) refers to tim.o(i.MX_TIM2_Init) for MX_TIM2_Init
    main.o(i.main) refers to tim.o(i.MX_TIM3_Init) for MX_TIM3_Init
    main.o(i.main) refers to tim.o(i.MX_TIM4_Init) for MX_TIM4_Init
    main.o(i.main) refers to tim.o(i.MX_TIM5_Init) for MX_TIM5_Init
    main.o(i.main) refers to usart.o(i.MX_UART4_Init) for MX_UART4_Init
    main.o(i.main) refers to usart.o(i.MX_USART3_UART_Init) for MX_USART3_UART_Init
    main.o(i.main) refers to tim.o(i.MX_TIM6_Init) for MX_TIM6_Init
    main.o(i.main) refers to bsp_init.o(i.bsp_init) for bsp_init
    main.o(i.main) refers to freertos.o(i.MX_FREERTOS_Init) for MX_FREERTOS_Init
    main.o(i.main) refers to cmsis_os.o(i.osKernelStart) for osKernelStart
    gpio.o(i.MX_GPIO_Init) refers to stm32f1xx_hal_gpio.o(i.HAL_GPIO_WritePin) for HAL_GPIO_WritePin
    gpio.o(i.MX_GPIO_Init) refers to stm32f1xx_hal_gpio.o(i.HAL_GPIO_Init) for HAL_GPIO_Init
    freertos.o(i.MX_FREERTOS_Init) refers to rt_memcpy_w.o(.text) for __aeabi_memcpy4
    freertos.o(i.MX_FREERTOS_Init) refers to cmsis_os.o(i.osThreadCreate) for osThreadCreate
    freertos.o(i.MX_FREERTOS_Init) refers to freertos.o(.constdata) for .constdata
    freertos.o(i.MX_FREERTOS_Init) refers to freertos.o(.data) for .data
    freertos.o(i.StartDefaultTask) refers to encoder.o(i.setspeed) for setspeed
    freertos.o(i.StartDefaultTask) refers to cmsis_os.o(i.osDelay) for osDelay
    freertos.o(i.vApplicationGetIdleTaskMemory) refers to freertos.o(.bss) for .bss
    freertos.o(.constdata) refers to freertos.o(.conststring) for .conststring
    freertos.o(.constdata) refers to freertos.o(i.StartDefaultTask) for StartDefaultTask
[...]
    i.HAL_RCC_GetSysClockFreq                0x08000c88   Section        0  stm32f1xx_hal_rcc.o(i.HAL_RCC_GetSysClockFreq)
    i.HAL_RCC_OscConfig                      0x08000cd4   Section        0  stm32f1xx_hal_rcc.o(i.HAL_RCC_OscConfig)
    i.HAL_RTC_Init                           0x08000ff4   Section        0  stm32f1xx_hal_rtc.o(i.HAL_RTC_Init)
    i.HAL_RTC_MspInit                        0x08001088   Section        0  rtc.o(i.HAL_RTC_MspInit)
    i.HAL_RTC_WaitForSynchro                 0x080010bc   Section        0  stm32f1xx_hal_rtc.o(i.HAL_RTC_WaitForSynchro)
    i.HAL_TIMEx_BreakCallback                0x080010f6   Section        0  stm32f1xx_hal_tim_ex.o(i.HAL_TIMEx_BreakCallback)
    i.HAL_TIMEx_CommutCallback               0x080010f8   Section        0  stm32f1xx_hal_tim_ex.o(i.HAL_TIMEx_CommutCallback)
    i.HAL_TIMEx_ConfigBreakDeadTime          0x080010fa   Section        0  stm32f1xx_hal_tim_ex.o(i.HAL_TIMEx_ConfigBreakDeadTime)
    i.HAL_TIMEx_MasterConfigSynchronization  0x08001150   Section        0  stm32f1xx_hal_tim_ex.o(i.HAL_TIMEx_MasterConfigSynchronization)
    i.HAL_TIM_Base_Init                      0x080011cc   Section        0  stm32f1xx_hal_tim.o(i.HAL_TIM_Base_Init)
    i.HAL_TIM_Base_MspInit                   0x08001228   Section        0  tim.o(i.HAL_TIM_Base_MspInit)
    i.HAL_TIM_Base_Start                     0x0800128c   Section        0  stm32f1xx_hal_tim.o(i.HAL_TIM_Base_Start)
    i.HAL_TIM_Base_Start_IT                  0x080012f0   Section        0  stm32f1xx_hal_tim.o(i.HAL_TIM_Base_Start_IT)
    i.HAL_TIM_ConfigClockSource              0x0800135c   Section        0  stm32f1xx_hal_tim.o(i.HAL_TIM_ConfigClockSource)
    i.HAL_TIM_Encoder_Init                   0x08001438   Section        0  stm32f1xx_hal_tim.o(i.HAL_TIM_Encoder_Init)
    i.HAL_TIM_Encoder_MspInit                0x080014dc   Section        0  tim.o(i.HAL_TIM_Encoder_MspInit)
    i.HAL_TIM_Encoder_Start                  0x08001608   Section        0  stm32f1xx_hal_tim.o(i.HAL_TIM_Encoder_Start)
    i.HAL_TIM_IC_CaptureCallback             0x08001696   Section        0  stm32f1xx_hal_tim.o(i.HAL_TIM_IC_CaptureCallback)
    i.HAL_TIM_IRQHandler                     0x08001698   Section        0  stm32f1xx_hal_tim.o(i.HAL_TIM_IRQHandler)
    i.HAL_TIM_MspPostInit                    0x08001800   Section        0  tim.o(i.HAL_TIM_MspPostInit)
    i.HAL_TIM_OC_DelayElapsedCallback        0x08001864   Section        0  stm32f1xx_hal_tim.o(i.HAL_TIM_OC_DelayElapsedCallback)
    i.HAL_TIM_PWM_ConfigChannel              0x08001866   Section        0  stm32f1xx_hal_tim.o(i.HAL_TIM_PWM_ConfigChannel)
    i.HAL_TIM_PWM_Init                       0x08001932   Section        0  stm32f1xx_hal_tim.o(i.HAL_TIM_PWM_Init)
    i.HAL_TIM_PWM_MspInit                    0x0800198c   Section        0  stm32f1xx_hal_tim.o(i.HAL_TIM_PWM_MspInit)
    i.HAL_TIM_PWM_PulseFinishedCallback      0x0800198e   Section        0  stm32f1xx_hal_tim.o(i.HAL_TIM_PWM_PulseFinishedCallback)
    i.HAL_TIM_PWM_Start                      0x08001990   Section        0  stm32f1xx_hal_tim.o(i.HAL_TIM_PWM_Start)
    i.HAL_TIM_PeriodElapsedCallback          0x08001a44   Section        0  main.o(i.HAL_TIM_PeriodElapsedCallback)
    i.HAL_TIM_TriggerCallback                0x08001a80   Section        0  stm32f1xx_hal_tim.o(i.HAL_TIM_TriggerCallback)
    i.HAL_UARTEx_RxEventCallback             0x08001a82   Section        0  stm32f1xx_hal_uart.o(i.HAL_UARTEx_RxEventCallback)
    i.HAL_UART_ErrorCallback                 0x08001a84   Section        0  stm32f1xx_hal_uart.o(i.HAL_UART_ErrorCallback)
    i.HAL_UART_IRQHandler                    0x08001a88   Section        0  stm32f1xx_hal_uart.o(i.HAL_UART_IRQHandler)
    i.HAL_UART_Init                          0x08001cf4   Section        0  stm32f1xx_hal_uart.o(i.HAL_UART_Init)
    i.HAL_UART_MspInit                       0x08001d58   Section        0  usart.o(i.HAL_UART_MspInit)
    i.HAL_UART_RxCpltCallback                0x08001e40   Section        0  stm32f1xx_hal_uart.o(i.HAL_UART_RxCpltCallback)
    i.HAL_UART_TxCpltCallback                0x08001e42   Section        0  stm32f1xx_hal_uart.o(i.HAL_UART_TxCpltCallback)
    i.HardFault_Handler                      0x08001e44   Section        0  stm32f1xx_it.o(i.HardFault_Handler)
    i.Incremental_PI_1                       0x08001e48   Section        0  encoder.o(i.Incremental_PI_1)
    i.Incremental_PI_2                       0x08001ed0   Section        0  encoder.o(i.Incremental_PI_2)
    i.Incremental_PI_3                       0x08001f58   Section        0  encoder.o(i.Incremental_PI_3)
    i.Incremental_PI_4                       0x08001fe0   Section        0  encoder.o(i.Incremental_PI_4)
    i.LED_Init                               0x0800206c   Section        0  bsp_led.o(i.LED_Init)
    i.MX_FREERTOS_Init                       0x080020d8   Section        0  freertos.o(i.MX_FREERTOS_Init)
    i.MX_GPIO_Init                           0x08002100   Section        0  gpio.o(i.MX_GPIO_Init)
    i.MX_RTC_Init                            0x080021b4   Section        0  rtc.o(i.MX_RTC_Init)
    i.MX_TIM1_Init                           0x080021e4   Section        0  tim.o(i.MX_TIM1_Init)
    i.MX_TIM2_Init                           0x080022e0   Section        0  tim.o(i.MX_TIM2_Init)
    i.MX_TIM3_Init                           0x08002348   Section        0  tim.o(i.MX_TIM3_Init)
    i.MX_TIM4_Init                           0x080023b0   Section        0  tim.o(i.MX_TIM4_Init)
    i.MX_TIM5_Init                           0x08002418   Section        0  tim.o(i.MX_TIM5_Init)
    i.MX_TIM6_Init                           0x08002480   Section        0  tim.o(i.MX_TIM6_Init)
    i.MX_UART4_Init                          0x080024c8   Section        0  usart.o(i.MX_UART4_Init)
    i.MX_USART3_UART_Init                    0x08002500   Section        0  usart.o(i.MX_USART3_UART_Init)
    i.MemManage_Handler                      0x08002538   Section        0  stm32f1xx_it.o(i.MemManage_Handler)
    i.NMI_Handler                            0x0800253a   Section        0  stm32f1xx_it.o(i.NMI_Handler)
    i.RTC_EnterInitMode                      0x0800253c   Section        0  stm32f1xx_hal_rtc.o(i.RTC_EnterInitMode)
    RTC_EnterInitMode                        0x0800253d   Thumb Code    52  stm32f1xx_hal_rtc.o(i.RTC_EnterInitMode)
    i.RTC_ExitInitMode                       0x08002570   Section        0  stm32f1xx_hal_rtc.o(i.RTC_ExitInitMode)
    RTC_ExitInitMode                         0x08002571   Thumb Code    54  stm32f1xx_hal_rtc.o(i.RTC_ExitInitMode)
    i.Read_Encoder                           0x080025a8   Section        0  encoder.o(i.Read_Encoder)
    i.Set_Pwm                                0x08002604   Section        0  encoder.o(i.Set_Pwm)
    i.StartDefaultTask                       0x080026e4   Section        0  freertos.o(i.StartDefaultTask)
    i.SysTick_Handler                        0x080026f8   Section        0  port.o(i.SysTick_Handler)
    i.SystemClock_Config                     0x08002724   Section        0  main.o(i.SystemClock_Config)
    i.SystemInit                             0x080027a4   Section        0  system_stm32f1xx.o(i.SystemInit)
    i.TIM1_UP_IRQHandler                     0x080027a8   Section        0  stm32f1xx_it.o(i.TIM1_UP_IRQHandler)
    i.TIM6_IRQHandler                        0x080027b4   Section        0  stm32f1xx_it.o(i.TIM6_IRQHandler)
    i.TIM8_UP_IRQHandler                     0x080027c0   Section        0  stm32f1xx_it.o(i.TIM8_UP_IRQHandler)
    i.TIM_Base_SetConfig                     0x080027cc   Section        0  stm32f1xx_hal_tim.o(i.TIM_Base_SetConfig)
    i.TIM_CCxChannelCmd                      0x08002858   Section        0  stm32f1xx_hal_tim.o(i.TIM_CCxChannelCmd)
    i.TIM_ETR_SetConfig                      0x08002872   Section        0  stm32f1xx_hal_tim.o(i.TIM_ETR_SetConfig)
    i.TIM_ITRx_SetConfig                     0x08002886   Section        0  stm32f1xx_hal_tim.o(i.TIM_ITRx_SetConfig)
    TIM_ITRx_SetConfig                       0x08002887   Thumb Code    16  stm32f1xx_hal_tim.o(i.TIM_ITRx_SetConfig)
    i.TIM_OC1_SetConfig                      0x08002898   Section        0  stm32f1xx_hal_tim.o(i.TIM_OC1_SetConfig)
    TIM_OC1_SetConfig                        0x08002899   Thumb Code    88  stm32f1xx_hal_tim.o(i.TIM_OC1_SetConfig)
    i.TIM_OC2_SetConfig                      0x080028f8   Section        0  stm32f1xx_hal_tim.o(i.TIM_OC2_SetConfig)
    i.TIM_OC3_SetConfig                      0x08002964   Section        0  stm32f1xx_hal_tim.o(i.TIM_OC3_SetConfig)
    TIM_OC3_SetConfig                        0x08002965   Thumb Code    96  stm32f1xx_hal_tim.o(i.TIM_OC3_SetConfig)
    i.TIM_OC4_SetConfig                      0x080029cc   Section        0  stm32f1xx_hal_tim.o(i.TIM_OC4_SetConfig)
    TIM_OC4_SetConfig                        0x080029cd   Thumb Code    70  stm32f1xx_hal_tim.o(i.TIM_OC4_SetConfig)
    i.TIM_TI1_ConfigInputStage               0x08002a1c   Section        0  stm32f1xx_hal_tim.o(i.TIM_TI1_ConfigInputStage)
    TIM_TI1_ConfigInputStage                 0x08002a1d   Thumb Code    34  stm32f1xx_hal_tim.o(i.TIM_TI1_ConfigInputStage)
    i.TIM_TI2_ConfigInputStage               0x08002a3e   Section        0  stm32f1xx_hal_tim.o(i.TIM_TI2_ConfigInputStage)
    TIM_TI2_ConfigInputStage                 0x08002a3f   Thumb Code    36  stm32f1xx_hal_tim.o(i.TIM_TI2_ConfigInputStage)
    i.UART4_IRQHandler                       0x08002a64   Section        0  stm32f1xx_it.o(i.UART4_IRQHandler)
    i.UART_DMAAbortOnError                   0x08002a70   Section        0  stm32f1xx_hal_uart.o(i.UART_DMAAbortOnError)
    UART_DMAAbortOnError                     0x08002a71   Thumb Code    16  stm32f1xx_hal_uart.o(i.UART_DMAAbortOnError)
    i.UART_EndRxTransfer                     0x08002a80   Section        0  stm32f1xx_hal_uart.o(i.UART_EndRxTransfer)
    UART_EndRxTransfer                       0x08002a81   Thumb Code    78  stm32f1xx_hal_uart.o(i.UART_EndRxTransfer)
    i.UART_Receive_IT                        0x08002ace   Section        0  stm32f1xx_hal_uart.o(i.UART_Receive_IT)
    UART_Receive_IT                          0x08002acf   Thumb Code   194  stm32f1xx_hal_uart.o(i.UART_Receive_IT)
    i.UART_SetConfig                         0x08002b90   Section        0  stm32f1xx_hal_uart.o(i.UART_SetConfig)
    UART_SetConfig                           0x08002b91   Thumb Code   178  stm32f1xx_hal_uart.o(i.UART_SetConfig)
    i.UsageFault_Handler                     0x08002c48   Section        0  stm32f1xx_it.o(i.UsageFault_Handler)
    i.__NVIC_SetPriority                     0x08002c4a   Section        0  stm32f1xx_hal_cortex.o(i.__NVIC_SetPriority)
    __NVIC_SetPriority                       0x08002c4b   Thumb Code    32  stm32f1xx_hal_cortex.o(i.__NVIC_SetPriority)
    i.bsp_init                               0x08002c6c   Section        0  bsp_init.o(i.bsp_init)
    i.main                                   0x08002cbc   Section        0  main.o(i.main)
    i.makeFreeRtosPriority                   0x08002cfa   Section        0  cmsis_os.o(i.makeFreeRtosPriority)
    makeFreeRtosPriority                     0x08002cfb   Thumb Code    12  cmsis_os.o(i.makeFreeRtosPriority)
    i.myabs                                  0x08002d06   Section        0  encoder.o(i.myabs)
    i.openmv_init                            0x08002d10   Section        0  bsp_openmv.o(i.openmv_init)
    i.osDelay                                0x08002d24   Section        0  cmsis_os.o(i.osDelay)
    i.osKernelStart                          0x08002d32   Section        0  cmsis_os.o(i.osKernelStart)
    i.osThreadCreate                         0x08002d3c   Section        0  cmsis_os.o(i.osThreadCreate)
    i.pid_control                            0x08002d90   Section        0  encoder.o(i.pid_control)
    i.prvAddCurrentTaskToDelayedList         0x08002e14   Section        0  tasks.o(i.prvAddCurrentTaskToDelayedList)
    prvAddCurrentTaskToDelayedList           0x08002e15   Thumb Code   102  tasks.o(i.prvAddCurrentTaskToDelayedList)
    i.prvAddNewTaskToReadyList               0x08002e84   Section        0  tasks.o(i.prvAddNewTaskToReadyList)
    prvAddNewTaskToReadyList                 0x08002e85   Thumb Code   194  tasks.o(i.prvAddNewTaskToReadyList)
    i.prvDeleteTCB                           0x08002f54   Section        0  tasks.o(i.prvDeleteTCB)
    prvDeleteTCB                             0x08002f55   Thumb Code    52  tasks.o(i.prvDeleteTCB)
    i.prvHeapInit                            0x08002f88   Section        0  heap_4.o(i.prvHeapInit)
    prvHeapInit                              0x08002f89   Thumb Code    66  heap_4.o(i.prvHeapInit)
    i.prvIdleTask                            0x08002fd4   Section        0  tasks.o(i.prvIdleTask)
    prvIdleTask                              0x08002fd5   Thumb Code    82  tasks.o(i.prvIdleTask)
    i.prvInitialiseNewTask                   0x08003034   Section        0  tasks.o(i.prvInitialiseNewTask)
    prvInitialiseNewTask                     0x08003035   Thumb Code   142  tasks.o(i.prvInitialiseNewTask)
    i.prvInsertBlockIntoFreeList             0x080030c4   Section        0  heap_4.o(i.prvInsertBlockIntoFreeList)
    prvInsertBlockIntoFreeList               0x080030c5   Thumb Code    72  heap_4.o(i.prvInsertBlockIntoFreeList)
    i.prvResetNextTaskUnblockTime            0x08003110   Section        0  tasks.o(i.prvResetNextTaskUnblockTime)
    prvResetNextTaskUnblockTime              0x08003111   Thumb Code    26  tasks.o(i.prvResetNextTaskUnblockTime)
    i.prvTaskExitError                       0x08003130   Section        0  port.o(i.prvTaskExitError)
    prvTaskExitError                         0x08003131   Thumb Code    36  port.o(i.prvTaskExitError)
    i.pvPortMalloc                           0x08003158   Section        0  heap_4.o(i.pvPortMalloc)
    i.pxPortInitialiseStack                  0x08003230   Section        0  port.o(i.pxPortInitialiseStack)
    i.setspeed                               0x08003254   Section        0  encoder.o(i.setspeed)
    i.tim1_pwm_init                          0x08003264   Section        0  bsp_motor.o(i.tim1_pwm_init)
    i.uxListRemove                           0x08003294   Section        0  list.o(i.uxListRemove)
    i.vApplicationGetIdleTaskMemory          0x080032bc   Section        0  freertos.o(i.vApplicationGetIdleTaskMemory)
    i.vListInitialise                        0x080032d0   Section        0  list.o(i.vListInitialise)
    i.vListInitialiseItem                    0x080032e6   Section        0  list.o(i.vListInitialiseItem)
    i.vListInsert                            0x080032ec   Section        0  list.o(i.vListInsert)
    i.vListInsertEnd                         0x0800331c   Section        0  list.o(i.vListInsertEnd)
    i.vPortEnterCritical                     0x08003334   Section        0  port.o(i.vPortEnterCritical)
    i.vPortExitCritical                      0x08003374   Section        0  port.o(i.vPortExitCritical)
    i.vPortFree                              0x0800339c   Section        0  heap_4.o(i.vPortFree)
    i.vPortSetupTimerInterrupt               0x080033f8   Section        0  port.o(i.vPortSetupTimerInterrupt)
    i.vTaskDelay                             0x0800341c   Section        0  tasks.o(i.vTaskDelay)
    i.vTaskStartScheduler                    0x08003468   Section        0  tasks.o(i.vTaskStartScheduler)
    i.vTaskSuspendAll                        0x080034d4   Section        0  tasks.o(i.vTaskSuspendAll)
    i.vTaskSwitchContext                     0x080034e4   Section        0  tasks.o(i.vTaskSwitchContext)
    i.xPortStartScheduler                    0x08003540   Section        0  port.o(i.xPortStartScheduler)
    i.xTaskCreate                            0x080035e8   Section        0  tasks.o(i.xTaskCreate)
    i.xTaskCreateStatic                      0x08003642   Section        0  tasks.o(i.xTaskCreateStatic)
    i.xTaskIncrementTick                     0x08003698   Section        0  tasks.o(i.xTaskIncrementTick)
    i.xTaskResumeAll                         0x08003760   Section        0  tasks.o(i.xTaskResumeAll)
    i.xf                                     0x08003824   Section        0  encoder.o(i.xf)
    x$fpl$dadd                               0x0800383c   Section      336  daddsub_clz.o(x$fpl$dadd)
    _dadd1                                   0x0800384d   Thumb Code     0  daddsub_clz.o(x$fpl$dadd)
    x$fpl$dfix                               0x0800398c   Section       94  dfix.o(x$fpl$dfix)
    x$fpl$dflt                               0x080039ea   Section       46  dflt_clz.o(x$fpl$dflt)
    x$fpl$dmul                               0x08003a18   Section      340  dmul.o(x$fpl$dmul)
    x$fpl$dnaninf                            0x08003b6c   Section      156  dnaninf.o(x$fpl$dnaninf)
    x$fpl$dretinf                            0x08003c08   Section       12  dretinf.o(x$fpl$dretinf)
    x$fpl$dsub                               0x08003c14   Section      468  daddsub_clz.o(x$fpl$dsub)
    _dsub1                                   0x08003c25   Thumb Code     0  daddsub_clz.o(x$fpl$dsub)
    .constdata                               0x08003de8   Section       28  freertos.o(.constdata)
    x$fpl$usenofp                            0x08003de8   Section        0  usenofp.o(x$fpl$usenofp)
    .constdata                               0x08003e04   Section       18  stm32f1xx_hal_rcc.o(.constdata)
    aPredivFactorTable                       0x08003e04   Data           2  stm32f1xx_hal_rcc.o(.constdata)
    aPLLMULFactorTable                       0x08003e06   Data          16  stm32f1xx_hal_rcc.o(.constdata)
    .constdata                               0x08003e16   Section       18  stm32f1xx_hal_rcc_ex.o(.constdata)
    aPredivFactorTable                       0x08003e16   Data           2  stm32f1xx_hal_rcc_ex.o(.constdata)
    aPLLMULFactorTable                       0x08003e18   Data          16  stm32f1xx_hal_rcc_ex.o(.constdata)
    .constdata                               0x08003e28   Section       16  system_stm32f1xx.o(.constdata)
    .constdata                               0x08003e38   Section        8  system_stm32f1xx.o(.constdata)
    .conststring                             0x08003e40   Section       12  freertos.o(.conststring)
    .data                                    0x20000000   Section        4  freertos.o(.data)
    .data                                    0x20000004   Section       12  stm32f1xx_hal.o(.data)
    .data                                    0x20000010   Section        4  system_stm32f1xx.o(.data)
    .data                                    0x20000014   Section       60  tasks.o(.data)
    pxDelayedTaskList                        0x20000018   Data           4  tasks.o(.data)
    pxOverflowDelayedTaskList                0x2000001c   Data           4  tasks.o(.data)
    uxDeletedTasksWaitingCleanUp             0x20000020   Data           4  tasks.o(.data)
    uxCurrentNumberOfTasks                   0x20000024   Data           4  tasks.o(.data)
    xTickCount                               0x20000028   Data           4  tasks.o(.data)
    uxTopReadyPriority                       0x2000002c   Data           4  tasks.o(.data)
    xSchedulerRunning                        0x20000030   Data           4  tasks.o(.data)
    uxPendedTicks                            0x20000034   Data           4  tasks.o(.data)
    xYieldPending                            0x20000038   Data           4  tasks.o(.data)
    xNumOfOverflows                          0x2000003c   Data           4  tasks.o(.data)
    uxTaskNumber                             0x20000040   Data           4  tasks.o(.data)
    xNextTaskUnblockTime                     0x20000044   Data           4  tasks.o(.data)
    xIdleTaskHandle                          0x20000048   Data           4  tasks.o(.data)
    uxSchedulerSuspended                     0x2000004c   Data           4  tasks.o(.data)
    .data                                    0x20000050   Section       24  heap_4.o(.data)
    pxEnd                                    0x20000050   Data           4  heap_4.o(.data)
    xFreeBytesRemaining                      0x20000054   Data           4  heap_4.o(.data)
    xMinimumEverFreeBytesRemaining           0x20000058   Data           4  heap_4.o(.data)
    xBlockAllocatedBit                       0x2000005c   Data           4  heap_4.o(.data)
    xStart                                   0x20000060   Data           8  heap_4.o(.data)
    .data                                    0x20000068   Section       12  port.o(.data)
    ucMaxSysCallPriority                     0x20000068   Data           1  port.o(.data)
    uxCriticalNesting                        0x2000006c   Data           4  port.o(.data)
    ulMaxPRIGROUPValue                       0x20000070   Data           4  port.o(.data)
    .data                                    0x20000074   Section       68  encoder.o(.data)
    .bss                                     0x200000b8   Section      596  freertos.o(.bss)
    xIdleTaskTCBBuffer                       0x200000b8   Data          84  freertos.o(.bss)
    xIdleStack                               0x2000010c   Data         512  freertos.o(.bss)
    .bss                                     0x2000030c   Section       20  rtc.o(.bss)
    .bss                                     0x20000320   Section      432  tim.o(.bss)
    .bss                                     0x200004d0   Section      144  usart.o(.bss)
    .bss                                     0x20000560   Section       72  stm32f1xx_hal_timebase_tim.o(.bss)
    .bss                                     0x200005a8   Section      240  tasks.o(.bss)
    pxReadyTasksLists                        0x200005a8   Data         140  tasks.o(.bss)
    xDelayedTaskList1                        0x20000634   Data          20  tasks.o(.bss)
    xDelayedTaskList2                        0x20000648   Data          20  tasks.o(.bss)
    xPendingReadyList                        0x2000065c   Data          20  tasks.o(.bss)
    xTasksWaitingTermination                 0x20000670   Data          20  tasks.o(.bss)
    xSuspendedTaskList                       0x20000684   Data          20  tasks.o(.bss)
    .bss                                     0x20000698   Section     3072  heap_4.o(.bss)
    ucHeap                                   0x20000698   Data        3072  heap_4.o(.bss)
    .bss                                     0x20001298   Section      224  encoder.o(.bss)
    .bss                                     0x20001378   Section       96  libspace.o(.bss)
    HEAP                                     0x200013d8   Section      512  startup_stm32f103xe.o(HEAP)
    Heap_Mem                                 0x200013d8   Data         512  startup_stm32f103xe.o(HEAP)
    STACK                                    0x200015d8   Section     1024  startup_stm32f103xe.o(STACK)
    Stack_Mem                                0x200015d8   Data        1024  startup_stm32f103xe.o(STACK)
    __initial_sp                             0x200019d8   Data           0  startup_stm32f103xe.o(STACK)

    Global Symbols

    Symbol Name                              Value     Ov Type        Size  Object(Section)

    BuildAttributes$$THM_ISAv4$P$D$K$B$S$PE$A:L22UL41UL21$X:L11$S22US41US21$IEEE1$IW$USESV6$~STKCKD$USESV7$~SHL$OTIME$ROPI$EBA8$UX$STANDARDLIB$REQ8$PRES8$EABIv2 0x00000000   Number         0  anon$$obj.o ABSOLUTE
    __ARM_use_no_argv                        0x00000000   Number         0  main.o ABSOLUTE
    __ARM_exceptions_init                     - Undefined Weak Reference
    __alloca_initialize                       - Undefined Weak Reference
    __arm_fini_                               - Undefined Weak Reference
    __arm_preinit_                            - Undefined Weak Reference
    __cpp_initialize__aeabi_                  - Undefined Weak Reference
    __cxa_finalize                            - Undefined Weak Reference
    __rt_locale                               - Undefined Weak Reference
    __sigvec_lookup                           - Undefined Weak Reference
    __user_heap_extent                        - Undefined Weak Reference
    _atexit_init                              - Undefined Weak Reference
    _call_atexit_fns                          - Undefined Weak Reference
    _clock_init                               - Undefined Weak Reference
    _fp_trap_init                             - Undefined Weak Reference
    _fp_trap_shutdown                         - Undefined Weak Reference
    _get_lc_collate                           - Undefined Weak Reference
    _get_lc_ctype                             - Undefined Weak Reference
    _get_lc_monetary                          - Undefined Weak Reference
    _get_lc_numeric                           - Undefined Weak Reference
    _get_lc_time                              - Undefined Weak Reference
    _getenv_init                              - Undefined Weak Reference
    _handle_redirection                       - Undefined Weak Reference
    _mutex_acquire                            - Undefined Weak Reference
    _mutex_free                               - Undefined Weak Reference
    _mutex_release                            - Undefined Weak Reference
    _printf_mbtowc                            - Undefined Weak Reference
    _printf_post_padding                      - Undefined Weak Reference
    _printf_pre_padding                       - Undefined Weak Reference
    _printf_truncate_signed                   - Undefined Weak Reference
    _printf_truncate_unsigned                 - Undefined Weak Reference
    _rand_init                                - Undefined Weak Reference
    _signal_finish                            - Undefined Weak Reference
    _signal_init                              - Undefined Weak Reference
    __Vectors_Size                           0x00000130   Number         0  startup_stm32f103xe.o ABSOLUTE
    __Vectors                                0x08000000   Data           4  startup_stm32f103xe.o(RESET)
    __Vectors_End                            0x08000130   Data           0  startup_stm32f103xe.o(RESET)
    __main                                   0x08000131   Thumb Code     8  __main.o(!!!main)
    __scatterload                            0x08000139   Thumb Code     0  __scatter.o(!!!scatter)
    __scatterload_rt2                        0x08000139   Thumb Code    44  __scatter.o(!!!scatter)
    __scatterload_rt2_thumb_only             0x08000139   Thumb Code     0  __scatter.o(!!!scatter)
    __scatterload_null                       0x08000147   Thumb Code     0  __scatter.o(!!!scatter)
    __scatterload_copy                       0x0800016d   Thumb Code    26  __scatter_copy.o(!!handler_copy)
    __scatterload_zeroinit                   0x08000189   Thumb Code    28  __scatter_zi.o(!!handler_zi)
    __rt_lib_init                            0x080001a5   Thumb Code     0  libinit.o(.ARM.Collect$$libinit$$00000000)
    __rt_lib_init_alloca_1                   0x080001a7   Thumb Code     0  libinit2.o(.ARM.Collect$$libinit$$0000002E)
    __rt_lib_init_argv_1                     0x080001a7   Thumb Code     0  libinit2.o(.ARM.Collect$$libinit$$0000002C)
    __rt_lib_init_atexit_1                   0x080001a7   Thumb Code     0  libinit2.o(.ARM.Collect$$libinit$$0000001B)
    __rt_lib_init_clock_1                    0x080001a7   Thumb Code     0  libinit2.o(.ARM.Collect$$libinit$$00000021)
    __rt_lib_init_cpp_1                      0x080001a7   Thumb Code     0  libinit2.o(.ARM.Collect$$libinit$$00000032)
    __rt_lib_init_exceptions_1               0x080001a7   Thumb Code     0  libinit2.o(.ARM.Collect$$libinit$$00000030)
    __rt_lib_init_fp_1                       0x080001a7   Thumb Code     0  libinit2.o(.ARM.Collect$$libinit$$00000002)
    __rt_lib_init_fp_trap_1                  0x080001a7   Thumb Code     0  libinit2.o(.ARM.Collect$$libinit$$0000001F)
    __rt_lib_init_getenv_1                   0x080001a7   Thumb Code     0  libinit2.o(.ARM.Collect$$libinit$$00000023)
    __rt_lib_init_heap_1                     0x080001a7   Thumb Code     0  libinit2.o(.ARM.Collect$$libinit$$0000000A)
    __rt_lib_init_lc_collate_1               0x080001a7   Thumb Code     0  libinit2.o(.ARM.Collect$$libinit$$00000011)
    __rt_lib_init_lc_ctype_1                 0x080001a7   Thumb Code     0  libinit2.o(.ARM.Collect$$libinit$$00000013)
    __rt_lib_init_lc_monetary_1              0x080001a7   Thumb Code     0  libinit2.o(.ARM.Collect$$libinit$$00000015)
    __rt_lib_init_lc_numeric_1               0x080001a7   Thumb Code     0  libinit2.o(.ARM.Collect$$libinit$$00000017)
    __rt_lib_init_lc_time_1                  0x080001a7   Thumb Code     0  libinit2.o(.ARM.Collect$$libinit$$00000019)
    __rt_lib_init_preinit_1                  0x080001a7   Thumb Code     0  libinit2.o(.ARM.Collect$$libinit$$00000004)
    __rt_lib_init_rand_1                     0x080001a7   Thumb Code     0  libinit2.o(.ARM.Collect$$libinit$$0000000E)
    __rt_lib_init_return                     0x080001a7   Thumb Code     0  libinit2.o(.ARM.Collect$$libinit$$00000033)
    __rt_lib_init_signal_1                   0x080001a7   Thumb Code     0  libinit2.o(.ARM.Collect$$libinit$$0000001D)
    __rt_lib_init_stdio_1                    0x080001a7   Thumb Code     0  libinit2.o(.ARM.Collect$$libinit$$00000025)
    __rt_lib_init_user_alloc_1               0x080001a7   Thumb Code     0  libinit2.o(.ARM.Collect$$libinit$$0000000C)
    __rt_lib_shutdown                        0x080001a9   Thumb Code     0  libshutdown.o(.ARM.Collect$$libshutdown$$00000000)
    __rt_lib_shutdown_cpp_1                  0x080001ab   Thumb Code     0  libshutdown2.o(.ARM.Collect$$libshutdown$$00000004)
    __rt_lib_shutdown_fini_1                 0x080001ab   Thumb Code     0  libshutdown2.o(.ARM.Collect$$libshutdown$$00000002)
    __rt_lib_shutdown_fp_trap_1              0x080001ab   Thumb Code     0  libshutdown2.o(.ARM.Collect$$libshutdown$$00000009)
    __rt_lib_shutdown_heap_1                 0x080001ab   Thumb Code     0  libshutdown2.o(.ARM.Collect$$libshutdown$$00000011)
    __rt_lib_shutdown_return                 0x080001ab   Thumb Code     0  libshutdown2.o(.ARM.Collect$$libshutdown$$00000012)
    __rt_lib_shutdown_signal_1               0x080001ab   Thumb Code     0  libshutdown2.o(.ARM.Collect$$libshutdown$$0000000C)
    __rt_lib_shutdown_stdio_1                0x080001ab   Thumb Code     0  libshutdown2.o(.ARM.Collect$$libshutdown$$00000006)
    __rt_lib_shutdown_user_alloc_1           0x080001ab   Thumb Code     0  libshutdown2.o(.ARM.Collect$$libshutdown$$0000000E)
    __rt_entry                               0x080001ad   Thumb Code     0  __rtentry.o(.ARM.Collect$$rtentry$$00000000)
    __rt_entry_presh_1                       0x080001ad   Thumb Code     0  __rtentry2.o(.ARM.Collect$$rtentry$$00000002)
    __rt_entry_sh                            0x080001ad   Thumb Code     0  __rtentry4.o(.ARM.Collect$$rtentry$$00000004)
    __rt_entry_li                            0x080001b3   Thumb Code     0  __rtentry2.o(.ARM.Collect$$rtentry$$0000000A)
    __rt_entry_postsh_1                      0x080001b3   Thumb Code     0  __rtentry2.o(.ARM.Collect$$rtentry$$00000009)
    __rt_entry_main                          0x080001b7   Thumb Code     0  __rtentry2.o(.ARM.Collect$$rtentry$$0000000D)
    __rt_entry_postli_1                      0x080001b7   Thumb Code     0  __rtentry2.o(.ARM.Collect$$rtentry$$0000000C)
    __rt_exit                                0x080001bf   Thumb Code     0  rtexit.o(.ARM.Collect$$rtexit$$00000000)
    __rt_exit_ls                             0x080001c1   Thumb Code     0  rtexit2.o(.ARM.Collect$$rtexit$$00000003)
    __rt_exit_prels_1                        0x080001c1   Thumb Code     0  rtexit2.o(.ARM.Collect$$rtexit$$00000002)
    __rt_exit_exit                           0x080001c5   Thumb Code     0  rtexit2.o(.ARM.Collect$$rtexit$$00000004)
    SVC_Handler                              0x080001cd   Thumb Code    32  port.o(.emb_text)
    __asm___6_port_c_39a90d8d__prvStartFirstTask 0x080001f1   Thumb Code    28  port.o(.emb_text)
    PendSV_Handler                           0x08000211   Thumb Code    72  port.o(.emb_text)
    vPortGetIPSR                             0x0800025d   Thumb Code     6  port.o(.emb_text)
    Reset_Handler                            0x08000265   Thumb Code     8  startup_stm32f103xe.o(.text)
    ADC1_2_IRQHandler                        0x0800027f   Thumb Code     0  startup_stm32f103xe.o(.text)
    ADC3_IRQHandler                          0x0800027f   Thumb Code     0  startup_stm32f103xe.o(.text)
    CAN1_RX1_IRQHandler                      0x0800027f   Thumb Code     0  startup_stm32f103xe.o(.text)
    CAN1_SCE_IRQHandler                      0x0800027f   Thumb Code     0  startup_stm32f103xe.o(.text)
    DMA1_Channel1_IRQHandler                 0x0800027f   Thumb Code     0  startup_stm32f103xe.o(.text)
    DMA1_Channel2_IRQHandler                 0x0800027f   Thumb Code     0  startup_stm32f103xe.o(.text)
    DMA1_Channel3_IRQHandler                 0x0800027f   Thumb Code     0  startup_stm32f103xe.o(.text)
    DMA1_Channel4_IRQHandler                 0x0800027f   Thumb Code     0  startup_stm32f103xe.o(.text)
    DMA1_Channel5_IRQHandler                 0x0800027f   Thumb Code     0  startup_stm32f103xe.o(.text)
    DMA1_Channel6_IRQHandler                 0x0800027f   Thumb Code     0  startup_stm32f103xe.o(.text)
    DMA1_Channel7_IRQHandler                 0x0800027f   Thumb Code     0  startup_stm32f103xe.o(.text)
    DMA2_Channel1_IRQHandler                 0x0800027f   Thumb Code     0  startup_stm32f103xe.o(.text)
    DMA2_Channel2_IRQHandler                 0x0800027f   Thumb Code     0  startup_stm32f103xe.o(.text)
    DMA2_Channel3_IRQHandler                 0x0800027f   Thumb Code     0  startup_stm32f103xe.o(.text)
    DMA2_Channel4_5_IRQHandler               0x0800027f   Thumb Code     0  startup_stm32f103xe.o(.text)
    EXTI0_IRQHandler                         0x0800027f   Thumb Code     0  startup_stm32f103xe.o(.text)
    EXTI15_10_IRQHandler                     0x0800027f   Thumb Code     0  startup_stm32f103xe.o(.text)
    EXTI1_IRQHandler                         0x0800027f   Thumb Code     0  startup_stm32f103xe.o(.text)
    EXTI2_IRQHandler                         0x0800027f   Thumb Code     0  startup_stm32f103xe.o(.text)
    EXTI3_IRQHandler                         0x0800027f   Thumb Code     0  startup_stm32f103xe.o(.text)
    EXTI4_IRQHandler                         0x0800027f   Thumb Code     0  startup_stm32f103xe.o(.text)
    EXTI9_5_IRQHandler                       0x0800027f   Thumb Code     0  startup_stm32f103xe.o(.text)
    FLASH_IRQHandler                         0x0800027f   Thumb Code     0  startup_stm32f103xe.o(.text)
    FSMC_IRQHandler                          0x0800027f   Thumb Code     0  startup_stm32f103xe.o(.text)
    I2C1_ER_IRQHandler                       0x0800027f   Thumb Code     0  startup_stm32f103xe.o(.text)
    I2C1_EV_IRQHandler                       0x0800027f   Thumb Code     0  startup_stm32f103xe.o(.text)
    I2C2_ER_IRQHandler                       0x0800027f   Thumb Code     0  startup_stm32f103xe.o(.text)
    I2C2_EV_IRQHandler                       0x0800027f   Thumb Code     0  startup_stm32f103xe.o(.text)
    PVD_IRQHandler                           0x0800027f   Thumb Code     0  startup_stm32f103xe.o(.text)
    RCC_IRQHandler                           0x0800027f   Thumb Code     0  startup_stm32f103xe.o(.text)
    RTC_Alarm_IRQHandler                     0x0800027f   Thumb Code     0  startup_stm32f103xe.o(.text)
    RTC_IRQHandler                           0x0800027f   Thumb Code     0  startup_stm32f103xe.o(.text)
    SDIO_IRQHandler                          0x0800027f   Thumb Code     0  startup_stm32f103xe.o(.text)
    SPI1_IRQHandler                          0x0800027f   Thumb Code     0  startup_stm32f103xe.o(.text)
    SPI2_IRQHandler                          0x0800027f   Thumb Code     0  startup_stm32f103xe.o(.text)
    SPI3_IRQHandler                          0x0800027f   Thumb Code     0  startup_stm32f103xe.o(.text)
    TAMPER_IRQHandler                        0x0800027f   Thumb Code     0  startup_stm32f103xe.o(.text)
    TIM1_BRK_IRQHandler                      0x0800027f   Thumb Code     0  startup_stm32f103xe.o(.text)
    TIM1_CC_IRQHandler                       0x0800027f   Thumb Code     0  startup_stm32f103xe.o(.text)
    TIM1_TRG_COM_IRQHandler                  0x0800027f   Thumb Code     0  startup_stm32f103xe.o(.text)
    TIM2_IRQHandler                          0x0800027f   Thumb Code     0  startup_stm32f103xe.o(.text)
    TIM3_IRQHandler                          0x0800027f   Thumb Code     0  startup_stm32f103xe.o(.text)
    TIM4_IRQHandler                          0x0800027f   Thumb Code     0  startup_stm32f103xe.o(.text)
    TIM5_IRQHandler                          0x0800027f   Thumb Code     0  startup_stm32f103xe.o(.text)
    TIM7_IRQHandler                          0x0800027f   Thumb Code     0  startup_stm32f103xe.o(.text)
    TIM8_BRK_IRQHandler                      0x0800027f   Thumb Code     0  startup_stm32f103xe.o(.text)
    TIM8_CC_IRQHandler                       0x0800027f   Thumb Code     0  startup_stm32f103xe.o(.text)
    TIM8_TRG_COM_IRQHandler                  0x0800027f   Thumb Code     0  startup_stm32f103xe.o(.text)
    UART5_IRQHandler                         0x0800027f   Thumb Code     0  startup_stm32f103xe.o(.text)
    USART1_IRQHandler                        0x0800027f   Thumb Code     0  startup_stm32f103xe.o(.text)
    USART2_IRQHandler                        0x0800027f   Thumb Code     0  startup_stm32f103xe.o(.text)
    USART3_IRQHandler                        0x0800027f   Thumb Code     0  startup_stm32f103xe.o(.text)
    USBWakeUp_IRQHandler                     0x0800027f   Thumb Code     0  startup_stm32f103xe.o(.text)
    USB_HP_CAN1_TX_IRQHandler                0x0800027f   Thumb Code     0  startup_stm32f103xe.o(.text)
    USB_LP_CAN1_RX0_IRQHandler               0x0800027f   Thumb Code     0  startup_stm32f103xe.o(.text)
    WWDG_IRQHandler                          0x0800027f   Thumb Code     0  startup_stm32f103xe.o(.text)
    __user_initial_stackheap                 0x08000281   Thumb Code     0  startup_stm32f103xe.o(.text)
    __aeabi_memcpy4                          0x080002a5   Thumb Code     0  rt_memcpy_w.o(.text)
    __aeabi_memcpy8                          0x080002a5   Thumb Code     0  rt_memcpy_w.o(.text)
    __rt_memcpy_w                            0x080002a5   Thumb Code   100  rt_memcpy_w.o(.text)
    _memcpy_lastbytes_aligned                0x080002ed   Thumb Code     0  rt_memcpy_w.o(.text)
    __aeabi_memclr4                          0x08000309   Thumb Code     0  rt_memclr_w.o(.text)
    __aeabi_memclr8                          0x08000309   Thumb Code     0  rt_memclr_w.o(.text)
    __rt_memclr_w                            0x08000309   Thumb Code    78  rt_memclr_w.o(.text)
    _memset_w                                0x0800030d   Thumb Code     0  rt_memclr_w.o(.text)
    __use_two_region_memory                  0x08000357   Thumb Code     2  heapauxi.o(.text)
    __rt_heap_escrow                         0x08000359   Thumb Code     2  heapauxi.o(.text)
    __rt_heap_expand                         0x0800035b   Thumb Code     2  heapauxi.o(.text)
    __user_libspace                          0x0800035d   Thumb Code     8  libspace.o(.text)
    __user_perproc_libspace                  0x0800035d   Thumb Code     0  libspace.o(.text)
    __user_perthread_libspace                0x0800035d   Thumb Code     0  libspace.o(.text)
    __I$use$semihosting                      0x08000365   Thumb Code     0  use_no_semi.o(.text)
    __use_no_semihosting_swi                 0x08000365   Thumb Code     2  use_no_semi.o(.text)
    __semihosting_library_function           0x08000367   Thumb Code     0  indicate_semi.o(.text)
    __user_setup_stackheap                   0x08000367   Thumb Code    74  sys_stackheap_outer.o(.text)
    exit                                     0x080003b1   Thumb Code    18  exit.o(.text)
    _sys_exit                                0x080003c5   Thumb Code     8  sys_exit.o(.text)
    BusFault_Handler                         0x080003d1   Thumb Code     2  stm32f1xx_it.o(i.BusFault_Handler)
    DWT_Delay_Init                           0x080003d5   Thumb Code    58  dwt_delay.o(i.DWT_Delay_Init)
    DebugMon_Handler                         0x08000419   Thumb Code     2  stm32f1xx_it.o(i.DebugMon_Handler)
    Error_Handler                            0x0800041b   Thumb Code     4  main.o(i.Error_Handler)
    HAL_DMA_Abort                            0x0800041f   Thumb Code    70  stm32f1xx_hal_dma.o(i.HAL_DMA_Abort)
    HAL_DMA_Abort_IT                         0x08000465   Thumb Code   296  stm32f1xx_hal_dma.o(i.HAL_DMA_Abort_IT)
    HAL_GPIO_Init                            0x08000595   Thumb Code   462  stm32f1xx_hal_gpio.o(i.HAL_GPIO_Init)
    HAL_GPIO_WritePin                        0x0800078d   Thumb Code    10  stm32f1xx_hal_gpio.o(i.HAL_GPIO_WritePin)
    HAL_GetTick                              0x08000799   Thumb Code     6  stm32f1xx_hal.o(i.HAL_GetTick)
    HAL_IncTick                              0x080007a5   Thumb Code    12  stm32f1xx_hal.o(i.HAL_IncTick)
    HAL_Init                                 0x080007b5   Thumb Code    32  stm32f1xx_hal.o(i.HAL_Init)
    HAL_InitTick                             0x080007d9   Thumb Code   118  stm32f1xx_hal_timebase_tim.o(i.HAL_InitTick)
    HAL_MspInit                              0x08000865   Thumb Code    62  stm32f1xx_hal_msp.o(i.HAL_MspInit)
    HAL_NVIC_EnableIRQ                       0x080008ad   Thumb Code    26  stm32f1xx_hal_cortex.o(i.HAL_NVIC_EnableIRQ)
    HAL_NVIC_SetPriority                     0x080008c9   Thumb Code    60  stm32f1xx_hal_cortex.o(i.HAL_NVIC_SetPriority)
    HAL_NVIC_SetPriorityGrouping             0x08000909   Thumb Code    26  stm32f1xx_hal_cortex.o(i.HAL_NVIC_SetPriorityGrouping)
    HAL_PWR_EnableBkUpAccess                 0x0800092d   Thumb Code     8  stm32f1xx_hal_pwr.o(i.HAL_PWR_EnableBkUpAccess)
    HAL_RCCEx_GetPeriphCLKFreq               0x08000939   Thumb Code   166  stm32f1xx_hal_rcc_ex.o(i.HAL_RCCEx_GetPeriphCLKFreq)
    HAL_RCCEx_PeriphCLKConfig                0x080009f1   Thumb Code   224  stm32f1xx_hal_rcc_ex.o(i.HAL_RCCEx_PeriphCLKConfig)
    HAL_RCC_ClockConfig                      0x08000add   Thumb Code   280  stm32f1xx_hal_rcc.o(i.HAL_RCC_ClockConfig)
    HAL_RCC_GetClockConfig                   0x08000c09   Thumb Code    54  stm32f1xx_hal_rcc.o(i.HAL_RCC_GetClockConfig)
    HAL_RCC_GetPCLK1Freq                     0x08000c49   Thumb Code    20  stm32f1xx_hal_rcc.o(i.HAL_RCC_GetPCLK1Freq)
    HAL_RCC_GetPCLK2Freq                     0x08000c69   Thumb Code    20  stm32f1xx_hal_rcc.o(i.HAL_RCC_GetPCLK2Freq)
    HAL_RCC_GetSysClockFreq                  0x08000c89   Thumb Code    58  stm32f1xx_hal_rcc.o(i.HAL_RCC_GetSysClockFreq)
    HAL_RCC_OscConfig                        0x08000cd5   Thumb Code   778  stm32f1xx_hal_rcc.o(i.HAL_RCC_OscConfig)
    HAL_RTC_Init                             0x08000ff5   Thumb Code   144  stm32f1xx_hal_rtc.o(i.HAL_RTC_Init)
    HAL_RTC_MspInit                          0x08001089   Thumb Code    40  rtc.o(i.HAL_RTC_MspInit)
    HAL_RTC_WaitForSynchro                   0x080010bd   Thumb Code    58  stm32f1xx_hal_rtc.o(i.HAL_RTC_WaitForSynchro)
    HAL_TIMEx_BreakCallback                  0x080010f7   Thumb Code     2  stm32f1xx_hal_tim_ex.o(i.HAL_TIMEx_BreakCallback)
    HAL_TIMEx_CommutCallback                 0x080010f9   Thumb Code     2  stm32f1xx_hal_tim_ex.o(i.HAL_TIMEx_CommutCallback)
    HAL_TIMEx_ConfigBreakDeadTime            0x080010fb   Thumb Code    84  stm32f1xx_hal_tim_ex.o(i.HAL_TIMEx_ConfigBreakDeadTime)
    HAL_TIMEx_MasterConfigSynchronization    0x08001151   Thumb Code   104  stm32f1xx_hal_tim_ex.o(i.HAL_TIMEx_MasterConfigSynchronization)
    HAL_TIM_Base_Init                        0x080011cd   Thumb Code    90  stm32f1xx_hal_tim.o(i.HAL_TIM_Base_Init)
    HAL_TIM_Base_MspInit                     0x08001229   Thumb Code    86  tim.o(i.HAL_TIM_Base_MspInit)
    HAL_TIM_Base_Start                       0x0800128d   Thumb Code    78  stm32f1xx_hal_tim.o(i.HAL_TIM_Base_Start)
    HAL_TIM_Base_Start_IT                    0x080012f1   Thumb Code    88  stm32f1xx_hal_tim.o(i.HAL_TIM_Base_Start_IT)
    HAL_TIM_ConfigClockSource                0x0800135d   Thumb Code   220  stm32f1xx_hal_tim.o(i.HAL_TIM_ConfigClockSource)
    HAL_TIM_Encoder_Init                     0x08001439   Thumb Code   164  stm32f1xx_hal_tim.o(i.HAL_TIM_Encoder_Init)
    HAL_TIM_Encoder_MspInit                  0x080014dd   Thumb Code   270  tim.o(i.HAL_TIM_Encoder_MspInit)
    HAL_TIM_Encoder_Start                    0x08001609   Thumb Code   142  stm32f1xx_hal_tim.o(i.HAL_TIM_Encoder_Start)
    HAL_TIM_IC_CaptureCallback               0x08001697   Thumb Code     2  stm32f1xx_hal_tim.o(i.HAL_TIM_IC_CaptureCallback)
    HAL_TIM_IRQHandler                       0x08001699   Thumb Code   358  stm32f1xx_hal_tim.o(i.HAL_TIM_IRQHandler)
    HAL_TIM_MspPostInit                      0x08001801   Thumb Code    82  tim.o(i.HAL_TIM_MspPostInit)
    HAL_TIM_OC_DelayElapsedCallback          0x08001865   Thumb Code     2  stm32f1xx_hal_tim.o(i.HAL_TIM_OC_DelayElapsedCallback)
    HAL_TIM_PWM_ConfigChannel                0x08001867   Thumb Code   204  stm32f1xx_hal_tim.o(i.HAL_TIM_PWM_ConfigChannel)
    HAL_TIM_PWM_Init                         0x08001933   Thumb Code    90  stm32f1xx_hal_tim.o(i.HAL_TIM_PWM_Init)
    HAL_TIM_PWM_MspInit                      0x0800198d   Thumb Code     2  stm32f1xx_hal_tim.o(i.HAL_TIM_PWM_MspInit)
    HAL_TIM_PWM_PulseFinishedCallback        0x0800198f   Thumb Code     2  stm32f1xx_hal_tim.o(i.HAL_TIM_PWM_PulseFinishedCallback)
    HAL_TIM_PWM_Start                        0x08001991   Thumb Code   160  stm32f1xx_hal_tim.o(i.HAL_TIM_PWM_Start)
    HAL_TIM_PeriodElapsedCallback            0x08001a45   Thumb Code    46  main.o(i.HAL_TIM_PeriodElapsedCallback)
    HAL_TIM_TriggerCallback                  0x08001a81   Thumb Code     2  stm32f1xx_hal_tim.o(i.HAL_TIM_TriggerCallback)
    HAL_UARTEx_RxEventCallback               0x08001a83   Thumb Code     2  stm32f1xx_hal_uart.o(i.HAL_UARTEx_RxEventCallback)
    HAL_UART_ErrorCallback                   0x08001a85   Thumb Code     2  stm32f1xx_hal_uart.o(i.HAL_UART_ErrorCallback)
    HAL_UART_IRQHandler                      0x08001a89   Thumb Code   616  stm32f1xx_hal_uart.o(i.HAL_UART_IRQHandler)
    HAL_UART_Init                            0x08001cf5   Thumb Code   100  stm32f1xx_hal_uart.o(i.HAL_UART_Init)
    HAL_UART_MspInit                         0x08001d59   Thumb Code   206  usart.o(i.HAL_UART_MspInit)
    HAL_UART_RxCpltCallback                  0x08001e41   Thumb Code     2  stm32f1xx_hal_uart.o(i.HAL_UART_RxCpltCallback)
    HAL_UART_TxCpltCallback                  0x08001e43   Thumb Code     2  stm32f1xx_hal_uart.o(i.HAL_UART_TxCpltCallback)
    HardFault_Handler                        0x08001e45   Thumb Code     2  stm32f1xx_it.o(i.HardFault_Handler)
    Incremental_PI_1                         0x08001e49   Thumb Code   120  encoder.o(i.Incremental_PI_1)
    Incremental_PI_2                         0x08001ed1   Thumb Code   120  encoder.o(i.Incremental_PI_2)
    Incremental_PI_3                         0x08001f59   Thumb Code   120  encoder.o(i.Incremental_PI_3)
    Incremental_PI_4                         0x08001fe1   Thumb Code   124  encoder.o(i.Incremental_PI_4)
    LED_Init                                 0x0800206d   Thumb Code    96  bsp_led.o(i.LED_Init)
    MX_FREERTOS_Init                         0x080020d9   Thumb Code    30  freertos.o(i.MX_FREERTOS_Init)
    MX_GPIO_Init                             0x08002101   Thumb Code   168  gpio.o(i.MX_GPIO_Init)
    MX_RTC_Init                              0x080021b5   Thumb Code    38  rtc.o(i.MX_RTC_Init)
    MX_TIM1_Init                             0x080021e5   Thumb Code   244  tim.o(i.MX_TIM1_Init)
    MX_TIM2_Init                             0x080022e1   Thumb Code   100  tim.o(i.MX_TIM2_Init)
    MX_TIM3_Init                             0x08002349   Thumb Code    96  tim.o(i.MX_TIM3_Init)
    MX_TIM4_Init                             0x080023b1   Thumb Code    96  tim.o(i.MX_TIM4_Init)
    MX_TIM5_Init                             0x08002419   Thumb Code    96  tim.o(i.MX_TIM5_Init)
    MX_TIM6_Init                             0x08002481   Thumb Code    62  tim.o(i.MX_TIM6_Init)
    MX_UART4_Init                            0x080024c9   Thumb Code    48  usart.o(i.MX_UART4_Init)
    MX_USART3_UART_Init                      0x08002501   Thumb Code    48  usart.o(i.MX_USART3_UART_Init)
    MemManage_Handler                        0x08002539   Thumb Code     2  stm32f1xx_it.o(i.MemManage_Handler)
    NMI_Handler                              0x0800253b   Thumb Code     2  stm32f1xx_it.o(i.NMI_Handler)
    Read_Encoder                             0x080025a9   Thumb Code    78  encoder.o(i.Read_Encoder)
    Set_Pwm                                  0x08002605   Thumb Code   210  encoder.o(i.Set_Pwm)
    StartDefaultTask                         0x080026e5   Thumb Code    20  freertos.o(i.StartDefaultTask)
    SysTick_Handler                          0x080026f9   Thumb Code    38  port.o(i.SysTick_Handler)
    SystemClock_Config                       0x08002725   Thumb Code   128  main.o(i.SystemClock_Config)
    SystemInit                               0x080027a5   Thumb Code     2  system_stm32f1xx.o(i.SystemInit)
    TIM1_UP_IRQHandler                       0x080027a9   Thumb Code     6  stm32f1xx_it.o(i.TIM1_UP_IRQHandler)
    TIM6_IRQHandler                          0x080027b5   Thumb Code     6  stm32f1xx_it.o(i.TIM6_IRQHandler)
    TIM8_UP_IRQHandler                       0x080027c1   Thumb Code     6  stm32f1xx_it.o(i.TIM8_UP_IRQHandler)
    TIM_Base_SetConfig                       0x080027cd   Thumb Code   120  stm32f1xx_hal_tim.o(i.TIM_Base_SetConfig)
    TIM_CCxChannelCmd                        0x08002859   Thumb Code    26  stm32f1xx_hal_tim.o(i.TIM_CCxChannelCmd)
    TIM_ETR_SetConfig                        0x08002873   Thumb Code    20  stm32f1xx_hal_tim.o(i.TIM_ETR_SetConfig)
    TIM_OC2_SetConfig                        0x080028f9   Thumb Code    98  stm32f1xx_hal_tim.o(i.TIM_OC2_SetConfig)
    UART4_IRQHandler                         0x08002a65   Thumb Code     6  stm32f1xx_it.o(i.UART4_IRQHandler)
    UsageFault_Handler                       0x08002c49   Thumb Code     2  stm32f1xx_it.o(i.UsageFault_Handler)
    bsp_init                                 0x08002c6d   Thumb Code    60  bsp_init.o(i.bsp_init)
    main                                     0x08002cbd   Thumb Code    62  main.o(i.main)
    myabs                                    0x08002d07   Thumb Code     8  encoder.o(i.myabs)
    openmv_init                              0x08002d11   Thumb Code    14  bsp_openmv.o(i.openmv_init)
    osDelay                                  0x08002d25   Thumb Code    14  cmsis_os.o(i.osDelay)
    osKernelStart                            0x08002d33   Thumb Code    10  cmsis_os.o(i.osKernelStart)
    osThreadCreate                           0x08002d3d   Thumb Code    84  cmsis_os.o(i.osThreadCreate)
    pid_control                              0x08002d91   Thumb Code   126  encoder.o(i.pid_control)
    pvPortMalloc                             0x08003159   Thumb Code   210  heap_4.o(i.pvPortMalloc)
    pxPortInitialiseStack                    0x08003231   Thumb Code    32  port.o(i.pxPortInitialiseStack)
    setspeed                                 0x08003255   Thumb Code    10  encoder.o(i.setspeed)
    tim1_pwm_init                            0x08003265   Thumb Code    44  bsp_motor.o(i.tim1_pwm_init)
    uxListRemove                             0x08003295   Thumb Code    38  list.o(i.uxListRemove)
    vApplicationGetIdleTaskMemory            0x080032bd   Thumb Code    16  freertos.o(i.vApplicationGetIdleTaskMemory)
    vListInitialise                          0x080032d1   Thumb Code    22  list.o(i.vListInitialise)
    vListInitialiseItem                      0x080032e7   Thumb Code     6  list.o(i.vListInitialiseItem)
    vListInsert                              0x080032ed   Thumb Code    48  list.o(i.vListInsert)
    vListInsertEnd                           0x0800331d   Thumb Code    24  list.o(i.vListInsertEnd)
    vPortEnterCritical                       0x08003335   Thumb Code    54  port.o(i.vPortEnterCritical)
    vPortExitCritical                        0x08003375   Thumb Code    34  port.o(i.vPortExitCritical)
    vPortFree                                0x0800339d   Thumb Code    88  heap_4.o(i.vPortFree)
    vPortSetupTimerInterrupt                 0x080033f9   Thumb Code    32  port.o(i.vPortSetupTimerInterrupt)
    vTaskDelay                               0x0800341d   Thumb Code    66  tasks.o(i.vTaskDelay)
    vTaskStartScheduler                      0x08003469   Thumb Code    90  tasks.o(i.vTaskStartScheduler)
    vTaskSuspendAll                          0x080034d5   Thumb Code    10  tasks.o(i.vTaskSuspendAll)
    vTaskSwitchContext                       0x080034e5   Thumb Code    82  tasks.o(i.vTaskSwitchContext)
    xPortStartScheduler                      0x08003541   Thumb Code   154  port.o(i.xPortStartScheduler)
    xTaskCreate                              0x080035e9   Thumb Code    90  tasks.o(i.xTaskCreate)
    xTaskCreateStatic                        0x08003643   Thumb Code    86  tasks.o(i.xTaskCreateStatic)
    xTaskIncrementTick                       0x08003699   Thumb Code   192  tasks.o(i.xTaskIncrementTick)
    xTaskResumeAll                           0x08003761   Thumb Code   182  tasks.o(i.xTaskResumeAll)
    xf                                       0x08003825   Thumb Code    20  encoder.o(i.xf)
    __aeabi_dadd                             0x0800383d   Thumb Code     0  daddsub_clz.o(x$fpl$dadd)
    _dadd                                    0x0800383d   Thumb Code   332  daddsub_clz.o(x$fpl$dadd)
    __aeabi_d2iz                             0x0800398d   Thumb Code     0  dfix.o(x$fpl$dfix)
    _dfix                                    0x0800398d   Thumb Code    94  dfix.o(x$fpl$dfix)
    __aeabi_i2d                              0x080039eb   Thumb Code     0  dflt_clz.o(x$fpl$dflt)
    _dflt                                    0x080039eb   Thumb Code    46  dflt_clz.o(x$fpl$dflt)
    __aeabi_dmul                             0x08003a19   Thumb Code     0  dmul.o(x$fpl$dmul)
    _dmul                                    0x08003a19   Thumb Code   332  dmul.o(x$fpl$dmul)
    __fpl_dnaninf                            0x08003b6d   Thumb Code   156  dnaninf.o(x$fpl$dnaninf)
    __fpl_dretinf                            0x08003c09   Thumb Code    12  dretinf.o(x$fpl$dretinf)
    __aeabi_dsub                             0x08003c15   Thumb Code     0  daddsub_clz.o(x$fpl$dsub)
    _dsub                                    0x08003c15   Thumb Code   464  daddsub_clz.o(x$fpl$dsub)
    __I$use$fp                               0x08003de8   Number         0  usenofp.o(x$fpl$usenofp)
    AHBPrescTable                            0x08003e28   Data          16  system_stm32f1xx.o(.constdata)
    APBPrescTable                            0x08003e38   Data           8  system_stm32f1xx.o(.constdata)
    Region$$Table$$Base                      0x08003e4c   Number         0  anon$$obj.o(Region$$Table)
    Region$$Table$$Limit                     0x08003e6c   Number         0  anon$$obj.o(Region$$Table)
    defaultTaskHandle                        0x20000000   Data           4  freertos.o(.data)
    uwTickFreq                               0x20000004   Data           1  stm32f1xx_hal.o(.data)
    uwTickPrio                               0x20000008   Data           4  stm32f1xx_hal.o(.data)
    uwTick                                   0x2000000c   Data           4  stm32f1xx_hal.o(.data)
    SystemCoreClock                          0x20000010   Data           4  system_stm32f1xx.o(.data)
    pxCurrentTCB                             0x20000014   Data           4  tasks.o(.data)
    Target_1                                 0x20000074   Data           4  encoder.o(.data)
    Target_2                                 0x20000078   Data           4  encoder.o(.data)
    Target_3                                 0x2000007c   Data           4  encoder.o(.data)
    Target_4                                 0x20000080   Data           4  encoder.o(.data)
    max                                      0x20000084   Data           4  encoder.o(.data)
    Encoder1                                 0x20000088   Data           4  encoder.o(.data)
    Encoder2                                 0x2000008c   Data           4  encoder.o(.data)
    Encoder3                                 0x20000090   Data           4  encoder.o(.data)
    Encoder4                                 0x20000094   Data           4  encoder.o(.data)
    Moto1                                    0x20000098   Data           4  encoder.o(.data)
    Moto2                                    0x2000009c   Data           4  encoder.o(.data)
    Moto3                                    0x200000a0   Data           4  encoder.o(.data)
    Moto4                                    0x200000a4   Data           4  encoder.o(.data)
    pwm1                                     0x200000a8   Data           4  encoder.o(.data)
    pwm2                                     0x200000ac   Data           4  encoder.o(.data)
    pwm3                                     0x200000b0   Data           4  encoder.o(.data)
    pwm4                                     0x200000b4   Data           4  encoder.o(.data)
    hrtc                                     0x2000030c   Data          20  rtc.o(.bss)
    htim1                                    0x20000320   Data          72  tim.o(.bss)
    htim2                                    0x20000368   Data          72  tim.o(.bss)
    htim3                                    0x200003b0   Data          72  tim.o(.bss)
    htim4                                    0x200003f8   Data          72  tim.o(.bss)
    htim5                                    0x20000440   Data          72  tim.o(.bss)
    htim6                                    0x20000488   Data          72  tim.o(.bss)
    huart4                                   0x200004d0   Data          72  usart.o(.bss)
    huart3                                   0x20000518   Data          72  usart.o(.bss)
    htim8                                    0x20000560   Data          72  stm32f1xx_hal_timebase_tim.o(.bss)
    err1                                     0x20001298   Data          32  encoder.o(.bss)
    err2                                     0x200012b8   Data          32  encoder.o(.bss)
    err3                                     0x200012d8   Data          32  encoder.o(.bss)
    err4                                     0x200012f8   Data          32  encoder.o(.bss)
    pid1                                     0x20001318   Data          24  encoder.o(.bss)
    pid2                                     0x20001330   Data          24  encoder.o(.bss)
    pid3                                     0x20001348   Data          24  encoder.o(.bss)
    pid4                                     0x20001360   Data          24  encoder.o(.bss)
    __libspace_start                         0x20001378   Data          96  libspace.o(.bss)
    __temporary_stack_top$libspace           0x200013d8   Data           0  libspace.o(.bss)



==============================================================================

Memory Map of the image

  Image Entry point : 0x08000131

  Load Region LR_IROM1 (Base: 0x08000000, Size: 0x00003f24, Max: 0x00080000, ABSOLUTE)

    Execution Region ER_IROM1 (Exec base: 0x08000000, Load base: 0x08000000, Size: 0x00003e6c, Max: 0x00080000, ABSOLUTE)

    Exec Addr    Load Addr    Size         Type   Attr      Idx    E Section Name        Object

    0x08000000   0x08000000   0x00000130   Data   RO            3    RESET               startup_stm32f103xe.o
    0x08000130   0x08000130   0x00000008   Code   RO         5374  * !!!main             c_w.l(__main.o)
    0x08000138   0x08000138   0x00000034   Code   RO         5744    !!!scatter          c_w.l(__scatter.o)
    0x0800016c   0x0800016c   0x0000001a   Code   RO         5746    !!handler_copy      c_w.l(__scatter_copy.o)
    0x08000186   0x08000186   0x00000002   PAD
    0x08000188   0x08000188   0x0000001c   Code   RO         5748    !!handler_zi        c_w.l(__scatter_zi.o)
    0x080001a4   0x080001a4   0x00000002   Code   RO         5648    .ARM.Collect$$libinit$$00000000  c_w.l(libinit.o)
    0x080001a6   0x080001a6   0x00000000   Code   RO         5480    .ARM.Collect$$libinit$$00000002  c_w.l(libinit2.o)
    0x080001a6   0x080001a6   0x00000000   Code   RO         5482    .ARM.Collect$$libinit$$00000004  c_w.l(libinit2.o)
    0x080001a6   0x080001a6   0x00000000   Code   RO         5485    .ARM.Collect$$libinit$$0000000A  c_w.l(libinit2.o)
    0x080001a6   0x080001a6   0x00000000   Code   RO         5487    .ARM.Collect$$libinit$$0000000C  c_w.l(libinit2.o)
    0x080001a6   0x080001a6   0x00000000   Code   RO         5489    .ARM.Collect$$libinit$$0000000E  c_w.l(libinit2.o)
    0x080001a6   0x080001a6   0x00000000   Code   RO         5492    .ARM.Collect$$libinit$$00000011  c_w.l(libinit2.o)
    0x080001a6   0x080001a6   0x00000000   Code   RO         5494    .ARM.Collect$$libinit$$00000013  c_w.l(libinit2.o)
    0x080001a6   0x080001a6   0x00000000   Code   RO         5496    .ARM.Collect$$libinit$$00000015  c_w.l(libinit2.o)
    0x080001a6   0x080001a6   0x00000000   Code   RO         5498    .ARM.Collect$$libinit$$00000017  c_w.l(libinit2.o)
    0x080001a6   0x080001a6   0x00000000   Code   RO         5500    .ARM.Collect$$libinit$$00000019  c_w.l(libinit2.o)
    0x080001a6   0x080001a6   0x00000000   Code   RO         5502    .ARM.Collect$$libinit$$0000001B  c_w.l(libinit2.o)
    0x080001a6   0x080001a6   0x00000000   Code   RO         5504    .ARM.Collect$$libinit$$0000001D  c_w.l(libinit2.o)
    0x080001a6   0x080001a6   0x00000000   Code   RO         5506    .ARM.Collect$$libinit$$0000001F  c_w.l(libinit2.o)
    0x080001a6   0x080001a6   0x00000000   Code   RO         5508    .ARM.Collect$$libinit$$00000021  c_w.l(libinit2.o)
    0x080001a6   0x080001a6   0x00000000   Code   RO         5510    .ARM.Collect$$libinit$$00000023  c_w.l(libinit2.o)
    0x080001a6   0x080001a6   0x00000000   Code   RO         5512    .ARM.Collect$$libinit$$00000025  c_w.l(libinit2.o)
    0x080001a6   0x080001a6   0x00000000   Code   RO         5516    .ARM.Collect$$libinit$$0000002C  c_w.l(libinit2.o)
    0x080001a6   0x080001a6   0x00000000   Code   RO         5518    .ARM.Collect$$libinit$$0000002E  c_w.l(libinit2.o)
    0x080001a6   0x080001a6   0x00000000   Code   RO         5520    .ARM.Collect$$libinit$$00000030  c_w.l(libinit2.o)
    0x080001a6   0x080001a6   0x00000000   Code   RO         5522    .ARM.Collect$$libinit$$00000032  c_w.l(libinit2.o)
    0x080001a6   0x080001a6   0x00000002   Code   RO         5523    .ARM.Collect$$libinit$$00000033  c_w.l(libinit2.o)
    0x080001a8   0x080001a8   0x00000002   Code   RO         5741    .ARM.Collect$$libshutdown$$00000000  c_w.l(libshutdown.o)
    0x080001aa   0x080001aa   0x00000000   Code   RO         5650    .ARM.Collect$$libshutdown$$00000002  c_w.l(libshutdown2.o)
    0x080001aa   0x080001aa   0x00000000   Code   RO         5652    .ARM.Collect$$libshutdown$$00000004  c_w.l(libshutdown2.o)
    0x080001aa   0x080001aa   0x00000000   Code   RO         5654    .ARM.Collect$$libshutdown$$00000006  c_w.l(libshutdown2.o)
    0x080001aa   0x080001aa   0x00000000   Code   RO         5657    .ARM.Collect$$libshutdown$$00000009  c_w.l(libshutdown2.o)
    0x080001aa   0x080001aa   0x00000000   Code   RO         5660    .ARM.Collect$$libshutdown$$0000000C  c_w.l(libshutdown2.o)
    0x080001aa   0x080001aa   0x00000000   Code   RO         5662    .ARM.Collect$$libshutdown$$0000000E  c_w.l(libshutdown2.o)
    0x080001aa   0x080001aa   0x00000000   Code   RO         5665    .ARM.Collect$$libshutdown$$00000011  c_w.l(libshutdown2.o)
    0x080001aa   0x080001aa   0x00000002   Code   RO         5666    .ARM.Collect$$libshutdown$$00000012  c_w.l(libshutdown2.o)
    0x080001ac   0x080001ac   0x00000000   Code   RO         5428    .ARM.Collect$$rtentry$$00000000  c_w.l(__rtentry.o)
    0x080001ac   0x080001ac   0x00000000   Code   RO         5543    .ARM.Collect$$rtentry$$00000002  c_w.l(__rtentry2.o)
    0x080001ac   0x080001ac   0x00000006   Code   RO         5555    .ARM.Collect$$rtentry$$00000004  c_w.l(__rtentry4.o)
    0x080001b2   0x080001b2   0x00000000   Code   RO         5545    .ARM.Collect$$rtentry$$00000009  c_w.l(__rtentry2.o)
    0x080001b2   0x080001b2   0x00000004   Code   RO         5546    .ARM.Collect$$rtentry$$0000000A  c_w.l(__rtentry2.o)
    0x080001b6   0x080001b6   0x00000000   Code   RO         5548    .ARM.Collect$$rtentry$$0000000C  c_w.l(__rtentry2.o)
    0x080001b6   0x080001b6   0x00000008   Code   RO         5549    .ARM.Collect$$rtentry$$0000000D  c_w.l(__rtentry2.o)
    0x080001be   0x080001be   0x00000002   Code   RO         5673    .ARM.Collect$$rtexit$$00000000  c_w.l(rtexit.o)
    0x080001c0   0x080001c0   0x00000000   Code   RO         5704    .ARM.Collect$$rtexit$$00000002  c_w.l(rtexit2.o)
    0x080001c0   0x080001c0   0x00000004   Code   RO         5705    .ARM.Collect$$rtexit$$00000003  c_w.l(rtexit2.o)
    0x080001c4   0x080001c4   0x00000006   Code   RO         5706    .ARM.Collect$$rtexit$$00000004  c_w.l(rtexit2.o)
    0x080001ca   0x080001ca   0x00000002   PAD
    0x080001cc   0x080001cc   0x00000096   Code   RO         4466    .emb_text           port.o
    0x08000262   0x08000262   0x00000002   PAD
    0x08000264   0x08000264   0x00000040   Code   RO            4    .text               startup_stm32f103xe.o
    0x080002a4   0x080002a4   0x00000064   Code   RO         5364    .text               c_w.l(rt_memcpy_w.o)
    0x08000308   0x08000308   0x0000004e   Code   RO         5370    .text               c_w.l(rt_memclr_w.o)
    0x08000356   0x08000356   0x00000006   Code   RO         5372    .text               c_w.l(heapauxi.o)
    0x0800035c   0x0800035c   0x00000008   Code   RO         5539    .text               c_w.l(libspace.o)
    0x08000364   0x08000364   0x00000002   Code   RO         5601    .text               c_w.l(use_no_semi.o)
    0x08000366   0x08000366   0x00000000   Code   RO         5603    .text               c_w.l(indicate_semi.o)
    0x08000366   0x08000366   0x0000004a   Code   RO         5604    .text               c_w.l(sys_stackheap_outer.o)
    0x080003b0   0x080003b0   0x00000012   Code   RO         5625    .text               c_w.l(exit.o)
    0x080003c2   0x080003c2   0x00000002   PAD
    0x080003c4   0x080003c4   0x0000000c   Code   RO         5671    .text               c_w.l(sys_exit.o)
    0x080003d0   0x080003d0   0x00000002   Code   RO          475    i.BusFault_Handler  stm32f1xx_it.o
    0x080003d2   0x080003d2   0x00000002   PAD
    0x080003d4   0x080003d4   0x00000044   Code   RO         4618    i.DWT_Delay_Init    dwt_delay.o
    0x08000418   0x08000418   0x00000002   Code   RO          476    i.DebugMon_Handler  stm32f1xx_it.o
    0x0800041a   0x0800041a   0x00000004   Code   RO           13    i.Error_Handler     main.o
    0x0800041e   0x0800041e   0x00000046   Code   RO         1037    i.HAL_DMA_Abort     stm32f1xx_hal_dma.o
    0x08000464   0x08000464   0x00000130   Code   RO         1038    i.HAL_DMA_Abort_IT  stm32f1xx_hal_dma.o
    0x08000594   0x08000594   0x000001f8   Code   RO          973    i.HAL_GPIO_Init     stm32f1xx_hal_gpio.o
    0x0800078c   0x0800078c   0x0000000a   Code   RO          977    i.HAL_GPIO_WritePin  stm32f1xx_hal_gpio.o
    0x08000796   0x08000796   0x00000002   PAD
    0x08000798   0x08000798   0x0000000c   Code   RO          667    i.HAL_GetTick       stm32f1xx_hal.o
    0x080007a4   0x080007a4   0x00000010   Code   RO          673    i.HAL_IncTick       stm32f1xx_hal.o
    0x080007b4   0x080007b4   0x00000024   Code   RO          674    i.HAL_Init          stm32f1xx_hal.o
    0x080007d8   0x080007d8   0x0000008c   Code   RO          581    i.HAL_InitTick      stm32f1xx_hal_timebase_tim.o
    0x08000864   0x08000864   0x00000048   Code   RO          557    i.HAL_MspInit       stm32f1xx_hal_msp.o
    0x080008ac   0x080008ac   0x0000001a   Code   RO         1133    i.HAL_NVIC_EnableIRQ  stm32f1xx_hal_cortex.o
    0x080008c6   0x080008c6   0x00000002   PAD
    0x080008c8   0x080008c8   0x00000040   Code   RO         1139    i.HAL_NVIC_SetPriority  stm32f1xx_hal_cortex.o
    0x08000908   0x08000908   0x00000024   Code   RO         1140    i.HAL_NVIC_SetPriorityGrouping  stm32f1xx_hal_cortex.o
    0x0800092c   0x0800092c   0x0000000c   Code   RO         1255    i.HAL_PWR_EnableBkUpAccess  stm32f1xx_hal_pwr.o
    0x08000938   0x08000938   0x000000b8   Code   RO          934    i.HAL_RCCEx_GetPeriphCLKFreq  stm32f1xx_hal_rcc_ex.o
    0x080009f0   0x080009f0   0x000000ec   Code   RO          935    i.HAL_RCCEx_PeriphCLKConfig  stm32f1xx_hal_rcc_ex.o
    0x08000adc   0x08000adc   0x0000012c   Code   RO          831    i.HAL_RCC_ClockConfig  stm32f1xx_hal_rcc.o
    0x08000c08   0x08000c08   0x00000040   Code   RO          835    i.HAL_RCC_GetClockConfig  stm32f1xx_hal_rcc.o
    0x08000c48   0x08000c48   0x00000020   Code   RO          838    i.HAL_RCC_GetPCLK1Freq  stm32f1xx_hal_rcc.o
    0x08000c68   0x08000c68   0x00000020   Code   RO          839    i.HAL_RCC_GetPCLK2Freq  stm32f1xx_hal_rcc.o
    0x08000c88   0x08000c88   0x0000004c   Code   RO          840    i.HAL_RCC_GetSysClockFreq  stm32f1xx_hal_rcc.o
    0x08000cd4   0x08000cd4   0x00000320   Code   RO          843    i.HAL_RCC_OscConfig  stm32f1xx_hal_rcc.o
    0x08000ff4   0x08000ff4   0x00000094   Code   RO         1641    i.HAL_RTC_Init      stm32f1xx_hal_rtc.o
    0x08001088   0x08001088   0x00000034   Code   RO          296    i.HAL_RTC_MspInit   rtc.o
    0x080010bc   0x080010bc   0x0000003a   Code   RO         1649    i.HAL_RTC_WaitForSynchro  stm32f1xx_hal_rtc.o
    0x080010f6   0x080010f6   0x00000002   Code   RO         2611    i.HAL_TIMEx_BreakCallback  stm32f1xx_hal_tim_ex.o
    0x080010f8   0x080010f8   0x00000002   Code   RO         2612    i.HAL_TIMEx_CommutCallback  stm32f1xx_hal_tim_ex.o
    0x080010fa   0x080010fa   0x00000054   Code   RO         2614    i.HAL_TIMEx_ConfigBreakDeadTime  stm32f1xx_hal_tim_ex.o
    0x0800114e   0x0800114e   0x00000002   PAD
    0x08001150   0x08001150   0x0000007c   Code   RO         2630    i.HAL_TIMEx_MasterConfigSynchronization  stm32f1xx_hal_tim_ex.o
    0x080011cc   0x080011cc   0x0000005a   Code   RO         1907    i.HAL_TIM_Base_Init  stm32f1xx_hal_tim.o
    0x08001226   0x08001226   0x00000002   PAD
    0x08001228   0x08001228   0x00000064   Code   RO          338    i.HAL_TIM_Base_MspInit  tim.o
    0x0800128c   0x0800128c   0x00000064   Code   RO         1910    i.HAL_TIM_Base_Start  stm32f1xx_hal_tim.o
    0x080012f0   0x080012f0   0x0000006c   Code   RO         1912    i.HAL_TIM_Base_Start_IT  stm32f1xx_hal_tim.o
    0x0800135c   0x0800135c   0x000000dc   Code   RO         1916    i.HAL_TIM_ConfigClockSource  stm32f1xx_hal_tim.o
    0x08001438   0x08001438   0x000000a4   Code   RO         1928    i.HAL_TIM_Encoder_Init  stm32f1xx_hal_tim.o
    0x080014dc   0x080014dc   0x0000012c   Code   RO          340    i.HAL_TIM_Encoder_MspInit  tim.o
    0x08001608   0x08001608   0x0000008e   Code   RO         1931    i.HAL_TIM_Encoder_Start  stm32f1xx_hal_tim.o
    0x08001696   0x08001696   0x00000002   Code   RO         1941    i.HAL_TIM_IC_CaptureCallback  stm32f1xx_hal_tim.o
    0x08001698   0x08001698   0x00000166   Code   RO         1955    i.HAL_TIM_IRQHandler  stm32f1xx_hal_tim.o
    0x080017fe   0x080017fe   0x00000002   PAD
    0x08001800   0x08001800   0x00000064   Code   RO          341    i.HAL_TIM_MspPostInit  tim.o
    0x08001864   0x08001864   0x00000002   Code   RO         1958    i.HAL_TIM_OC_DelayElapsedCallback  stm32f1xx_hal_tim.o
    0x08001866   0x08001866   0x000000cc   Code   RO         1979    i.HAL_TIM_PWM_ConfigChannel  stm32f1xx_hal_tim.o
    0x08001932   0x08001932   0x0000005a   Code   RO         1982    i.HAL_TIM_PWM_Init  stm32f1xx_hal_tim.o
    0x0800198c   0x0800198c   0x00000002   Code   RO         1984    i.HAL_TIM_PWM_MspInit  stm32f1xx_hal_tim.o
    0x0800198e   0x0800198e   0x00000002   Code   RO         1985    i.HAL_TIM_PWM_PulseFinishedCallback  stm32f1xx_hal_tim.o
    0x08001990   0x08001990   0x000000b4   Code   RO         1987    i.HAL_TIM_PWM_Start  stm32f1xx_hal_tim.o
    0x08001a44   0x08001a44   0x0000003c   Code   RO           14    i.HAL_TIM_PeriodElapsedCallback  main.o
    0x08001a80   0x08001a80   0x00000002   Code   RO         1998    i.HAL_TIM_TriggerCallback  stm32f1xx_hal_tim.o
    0x08001a82   0x08001a82   0x00000002   Code   RO         2890    i.HAL_UARTEx_RxEventCallback  stm32f1xx_hal_uart.o
    0x08001a84   0x08001a84   0x00000002   Code   RO         2904    i.HAL_UART_ErrorCallback  stm32f1xx_hal_uart.o
    0x08001a86   0x08001a86   0x00000002   PAD
    0x08001a88   0x08001a88   0x0000026c   Code   RO         2907    i.HAL_UART_IRQHandler  stm32f1xx_hal_uart.o
    0x08001cf4   0x08001cf4   0x00000064   Code   RO         2908    i.HAL_UART_Init     stm32f1xx_hal_uart.o
    0x08001d58   0x08001d58   0x000000e8   Code   RO          428    i.HAL_UART_MspInit  usart.o
    0x08001e40   0x08001e40   0x00000002   Code   RO         2914    i.HAL_UART_RxCpltCallback  stm32f1xx_hal_uart.o
    0x08001e42   0x08001e42   0x00000002   Code   RO         2919    i.HAL_UART_TxCpltCallback  stm32f1xx_hal_uart.o
    0x08001e44   0x08001e44   0x00000002   Code   RO          477    i.HardFault_Handler  stm32f1xx_it.o
    0x08001e46   0x08001e46   0x00000002   PAD
    0x08001e48   0x08001e48   0x00000088   Code   RO         4919    i.Incremental_PI_1  encoder.o
    0x08001ed0   0x08001ed0   0x00000088   Code   RO         4920    i.Incremental_PI_2  encoder.o
    0x08001f58   0x08001f58   0x00000088   Code   RO         4921    i.Incremental_PI_3  encoder.o
    0x08001fe0   0x08001fe0   0x0000008c   Code   RO         4922    i.Incremental_PI_4  encoder.o
    0x0800206c   0x0800206c   0x0000006c   Code   RO         4546    i.LED_Init          bsp_led.o
    0x080020d8   0x080020d8   0x00000028   Code   RO          244    i.MX_FREERTOS_Init  freertos.o
    0x08002100   0x08002100   0x000000b4   Code   RO          220    i.MX_GPIO_Init      gpio.o
    0x080021b4   0x080021b4   0x00000030   Code   RO          297    i.MX_RTC_Init       rtc.o
    0x080021e4   0x080021e4   0x000000fc   Code   RO          342    i.MX_TIM1_Init      tim.o
    0x080022e0   0x080022e0   0x00000068   Code   RO          343    i.MX_TIM2_Init      tim.o
    0x08002348   0x08002348   0x00000068   Code   RO          344    i.MX_TIM3_Init      tim.o
    0x080023b0   0x080023b0   0x00000068   Code   RO          345    i.MX_TIM4_Init      tim.o
    0x08002418   0x08002418   0x00000068   Code   RO          346    i.MX_TIM5_Init      tim.o
    0x08002480   0x08002480   0x00000048   Code   RO          347    i.MX_TIM6_Init      tim.o
    0x080024c8   0x080024c8   0x00000038   Code   RO          429    i.MX_UART4_Init     usart.o
    0x08002500   0x08002500   0x00000038   Code   RO          430    i.MX_USART3_UART_Init  usart.o
    0x08002538   0x08002538   0x00000002   Code   RO          478    i.MemManage_Handler  stm32f1xx_it.o
    0x0800253a   0x0800253a   0x00000002   Code   RO          479    i.NMI_Handler       stm32f1xx_it.o
    0x0800253c   0x0800253c   0x00000034   Code   RO         1653    i.RTC_EnterInitMode  stm32f1xx_hal_rtc.o
    0x08002570   0x08002570   0x00000036   Code   RO         1654    i.RTC_ExitInitMode  stm32f1xx_hal_rtc.o
    0x080025a6   0x080025a6   0x00000002   PAD
    0x080025a8   0x080025a8   0x0000005c   Code   RO         4927    i.Read_Encoder      encoder.o
    0x08002604   0x08002604   0x000000e0   Code   RO         4928    i.Set_Pwm           encoder.o
    0x080026e4   0x080026e4   0x00000014   Code   RO          245    i.StartDefaultTask  freertos.o
    0x080026f8   0x080026f8   0x0000002c   Code   RO         4467    i.SysTick_Handler   port.o
    0x08002724   0x08002724   0x00000080   Code   RO           15    i.SystemClock_Config  main.o
    0x080027a4   0x080027a4   0x00000002   Code   RO         3242    i.SystemInit        system_stm32f1xx.o
    0x080027a6   0x080027a6   0x00000002   PAD
    0x080027a8   0x080027a8   0x0000000c   Code   RO          480    i.TIM1_UP_IRQHandler  stm32f1xx_it.o
    0x080027b4   0x080027b4   0x0000000c   Code   RO          481    i.TIM6_IRQHandler   stm32f1xx_it.o
    0x080027c0   0x080027c0   0x0000000c   Code   RO          482    i.TIM8_UP_IRQHandler  stm32f1xx_it.o
    0x080027cc   0x080027cc   0x0000008c   Code   RO         2000    i.TIM_Base_SetConfig  stm32f1xx_hal_tim.o
    0x08002858   0x08002858   0x0000001a   Code   RO         2001    i.TIM_CCxChannelCmd  stm32f1xx_hal_tim.o
    0x08002872   0x08002872   0x00000014   Code   RO         2011    i.TIM_ETR_SetConfig  stm32f1xx_hal_tim.o
    0x08002886   0x08002886   0x00000010   Code   RO         2012    i.TIM_ITRx_SetConfig  stm32f1xx_hal_tim.o
    0x08002896   0x08002896   0x00000002   PAD
    0x08002898   0x08002898   0x00000060   Code   RO         2013    i.TIM_OC1_SetConfig  stm32f1xx_hal_tim.o
    0x080028f8   0x080028f8   0x0000006c   Code   RO         2014    i.TIM_OC2_SetConfig  stm32f1xx_hal_tim.o
    0x08002964   0x08002964   0x00000068   Code   RO         2015    i.TIM_OC3_SetConfig  stm32f1xx_hal_tim.o
    0x080029cc   0x080029cc   0x00000050   Code   RO         2016    i.TIM_OC4_SetConfig  stm32f1xx_hal_tim.o
    0x08002a1c   0x08002a1c   0x00000022   Code   RO         2018    i.TIM_TI1_ConfigInputStage  stm32f1xx_hal_tim.o
    0x08002a3e   0x08002a3e   0x00000024   Code   RO         2020    i.TIM_TI2_ConfigInputStage  stm32f1xx_hal_tim.o
    0x08002a62   0x08002a62   0x00000002   PAD
    0x08002a64   0x08002a64   0x0000000c   Code   RO          483    i.UART4_IRQHandler  stm32f1xx_it.o
    0x08002a70   0x08002a70   0x00000010   Code   RO         2921    i.UART_DMAAbortOnError  stm32f1xx_hal_uart.o
    0x08002a80   0x08002a80   0x0000004e   Code   RO         2931    i.UART_EndRxTransfer  stm32f1xx_hal_uart.o
    0x08002ace   0x08002ace   0x000000c2   Code   RO         2933    i.UART_Receive_IT   stm32f1xx_hal_uart.o
    0x08002b90   0x08002b90   0x000000b8   Code   RO         2934    i.UART_SetConfig    stm32f1xx_hal_uart.o
    0x08002c48   0x08002c48   0x00000002   Code   RO          484    i.UsageFault_Handler  stm32f1xx_it.o
    0x08002c4a   0x08002c4a   0x00000020   Code   RO         1146    i.__NVIC_SetPriority  stm32f1xx_hal_cortex.o
    0x08002c6a   0x08002c6a   0x00000002   PAD
    0x08002c6c   0x08002c6c   0x00000050   Code   RO         4756    i.bsp_init          bsp_init.o
    0x08002cbc   0x08002cbc   0x0000003e   Code   RO           16    i.main              main.o
    0x08002cfa   0x08002cfa   0x0000000c   Code   RO         4038    i.makeFreeRtosPriority  cmsis_os.o
    0x08002d06   0x08002d06   0x00000008   Code   RO         4935    i.myabs             encoder.o
    0x08002d0e   0x08002d0e   0x00000002   PAD
    0x08002d10   0x08002d10   0x00000014   Code   RO         4720    i.openmv_init       bsp_openmv.o
    0x08002d24   0x08002d24   0x0000000e   Code   RO         4040    i.osDelay           cmsis_os.o
    0x08002d32   0x08002d32   0x0000000a   Code   RO         4043    i.osKernelStart     cmsis_os.o
    0x08002d3c   0x08002d3c   0x00000054   Code   RO         4077    i.osThreadCreate    cmsis_os.o
    0x08002d90   0x08002d90   0x00000084   Code   RO         4936    i.pid_control       encoder.o
    0x08002e14   0x08002e14   0x00000070   Code   RO         3735    i.prvAddCurrentTaskToDelayedList  tasks.o
    0x08002e84   0x08002e84   0x000000d0   Code   RO         3736    i.prvAddNewTaskToReadyList  tasks.o
    0x08002f54   0x08002f54   0x00000034   Code   RO         3737    i.prvDeleteTCB      tasks.o
    0x08002f88   0x08002f88   0x0000004c   Code   RO         4405    i.prvHeapInit       heap_4.o
    0x08002fd4   0x08002fd4   0x00000060   Code   RO         3738    i.prvIdleTask       tasks.o
    0x08003034   0x08003034   0x0000008e   Code   RO         3739    i.prvInitialiseNewTask  tasks.o
    0x080030c2   0x080030c2   0x00000002   PAD
    0x080030c4   0x080030c4   0x0000004c   Code   RO         4406    i.prvInsertBlockIntoFreeList  heap_4.o
    0x08003110   0x08003110   0x00000020   Code   RO         3740    i.prvResetNextTaskUnblockTime  tasks.o
    0x08003130   0x08003130   0x00000028   Code   RO         4468    i.prvTaskExitError  port.o
    0x08003158   0x08003158   0x000000d8   Code   RO         4407    i.pvPortMalloc      heap_4.o
    0x08003230   0x08003230   0x00000024   Code   RO         4469    i.pxPortInitialiseStack  port.o
    0x08003254   0x08003254   0x00000010   Code   RO         4937    i.setspeed          encoder.o
    0x08003264   0x08003264   0x00000030   Code   RO         4805    i.tim1_pwm_init     bsp_motor.o
    0x08003294   0x08003294   0x00000026   Code   RO         3380    i.uxListRemove      list.o
    0x080032ba   0x080032ba   0x00000002   PAD
    0x080032bc   0x080032bc   0x00000014   Code   RO          246    i.vApplicationGetIdleTaskMemory  freertos.o
    0x080032d0   0x080032d0   0x00000016   Code   RO         3381    i.vListInitialise   list.o
    0x080032e6   0x080032e6   0x00000006   Code   RO         3382    i.vListInitialiseItem  list.o
    0x080032ec   0x080032ec   0x00000030   Code   RO         3383    i.vListInsert       list.o
    0x0800331c   0x0800331c   0x00000018   Code   RO         3384    i.vListInsertEnd    list.o
    0x08003334   0x08003334   0x00000040   Code   RO         4471    i.vPortEnterCritical  port.o
    0x08003374   0x08003374   0x00000028   Code   RO         4472    i.vPortExitCritical  port.o
    0x0800339c   0x0800339c   0x0000005c   Code   RO         4408    i.vPortFree         heap_4.o
    0x080033f8   0x080033f8   0x00000024   Code   RO         4473    i.vPortSetupTimerInterrupt  port.o
    0x0800341c   0x0800341c   0x0000004c   Code   RO         3748    i.vTaskDelay        tasks.o
    0x08003468   0x08003468   0x0000006c   Code   RO         3761    i.vTaskStartScheduler  tasks.o
    0x080034d4   0x080034d4   0x00000010   Code   RO         3763    i.vTaskSuspendAll   tasks.o
    0x080034e4   0x080034e4   0x0000005c   Code   RO         3764    i.vTaskSwitchContext  tasks.o
    0x08003540   0x08003540   0x000000a8   Code   RO         4475    i.xPortStartScheduler  port.o
    0x080035e8   0x080035e8   0x0000005a   Code   RO         3766    i.xTaskCreate       tasks.o
    0x08003642   0x08003642   0x00000056   Code   RO         3767    i.xTaskCreateStatic  tasks.o
    0x08003698   0x08003698   0x000000c8   Code   RO         3774    i.xTaskIncrementTick  tasks.o
    0x08003760   0x08003760   0x000000c4   Code   RO         3780    i.xTaskResumeAll    tasks.o
    0x08003824   0x08003824   0x00000018   Code   RO         4939    i.xf                encoder.o
    0x0800383c   0x0800383c   0x00000150   Code   RO         5376    x$fpl$dadd          fz_ws.l(daddsub_clz.o)
    0x0800398c   0x0800398c   0x0000005e   Code   RO         5386    x$fpl$dfix          fz_ws.l(dfix.o)
    0x080039ea   0x080039ea   0x0000002e   Code   RO         5391    x$fpl$dflt          fz_ws.l(dflt_clz.o)
    0x08003a18   0x08003a18   0x00000154   Code   RO         5396    x$fpl$dmul          fz_ws.l(dmul.o)
    0x08003b6c   0x08003b6c   0x0000009c   Code   RO         5524    x$fpl$dnaninf       fz_ws.l(dnaninf.o)
    0x08003c08   0x08003c08   0x0000000c   Code   RO         5526    x$fpl$dretinf       fz_ws.l(dretinf.o)
    0x08003c14   0x08003c14   0x000001d4   Code   RO         5378    x$fpl$dsub          fz_ws.l(daddsub_clz.o)
    0x08003de8   0x08003de8   0x00000000   Code   RO         5536    x$fpl$usenofp       fz_ws.l(usenofp.o)
    0x08003de8   0x08003de8   0x0000001c   Data   RO          248    .constdata          freertos.o
    0x08003e04   0x08003e04   0x00000012   Data   RO          844    .constdata          stm32f1xx_hal_rcc.o
    0x08003e16   0x08003e16   0x00000012   Data   RO          936    .constdata          stm32f1xx_hal_rcc_ex.o
    0x08003e28   0x08003e28   0x00000010   Data   RO         3243    .constdata          system_stm32f1xx.o
    0x08003e38   0x08003e38   0x00000008   Data   RO         3244    .constdata          system_stm32f1xx.o
    0x08003e40   0x08003e40   0x0000000c   Data   RO          249    .conststring        freertos.o
    0x08003e4c   0x08003e4c   0x00000020   Data   RO         5742    Region$$Table       anon$$obj.o


    Execution Region RW_IRAM1 (Exec base: 0x20000000, Load base: 0x08003e6c, Size: 0x000019d8, Max: 0x00010000, ABSOLUTE)

    Exec Addr    Load Addr    Size         Type   Attr      Idx    E Section Name        Object

    0x20000000   0x08003e6c   0x00000004   Data   RW          251    .data               freertos.o
    0x20000004   0x08003e70   0x0000000c   Data   RW          681    .data               stm32f1xx_hal.o
    0x20000010   0x08003e7c   0x00000004   Data   RW         3245    .data               system_stm32f1xx.o
    0x20000014   0x08003e80   0x0000003c   Data   RW         3783    .data               tasks.o
    0x20000050   0x08003ebc   0x00000018   Data   RW         4413    .data               heap_4.o
    0x20000068   0x08003ed4   0x0000000c   Data   RW         4476    .data               port.o
    0x20000074   0x08003ee0   0x00000044   Data   RW         4948    .data               encoder.o
    0x200000b8        -       0x00000254   Zero   RW          247    .bss                freertos.o
    0x2000030c        -       0x00000014   Zero   RW          298    .bss                rtc.o
    0x20000320        -       0x000001b0   Zero   RW          348    .bss                tim.o
    0x200004d0        -       0x00000090   Zero   RW          431    .bss                usart.o
    0x20000560        -       0x00000048   Zero   RW          584    .bss                stm32f1xx_hal_timebase_tim.o
    0x200005a8        -       0x000000f0   Zero   RW         3782    .bss                tasks.o
    0x20000698        -       0x00000c00   Zero   RW         4412    .bss                heap_4.o
    0x20001298        -       0x000000e0   Zero   RW         4940    .bss                encoder.o
    0x20001378        -       0x00000060   Zero   RW         5540    .bss                c_w.l(libspace.o)
    0x200013d8        -       0x00000200   Zero   RW            2    HEAP                startup_stm32f103xe.o
    0x200015d8        -       0x00000400   Zero   RW            1    STACK               startup_stm32f103xe.o


==============================================================================

Image component sizes


      Code (inc. data)   RO Data    RW Data    ZI Data      Debug   Object Name

        80         20          0          0          0        439   bsp_init.o
       108         12          0          0          0       2483   bsp_led.o
        48          4          0          0          0        440   bsp_motor.o
        20          6          0          0          0        382   bsp_openmv.o
       120          0          0          0          0      22085   cmsis_os.o
        68         10          0          0          0        489   dwt_delay.o
      1044        108          0         68        224       6658   encoder.o
         0          0          0          0          0      18064   event_groups.o
        80         14         40          4        596       2325   freertos.o
       180         12          0          0          0        967   gpio.o
       460         24          0         24       3072       7011   heap_4.o
       138          0          0          0          0       3206   list.o
       254         14          0          0          0     524384   main.o
       578         60          0         12          0       9988   port.o
       100         22          0          0         20       1387   rtc.o
        64         26        304          0       1536        780   startup_stm32f103xe.o
        64         14          0         12          0       5062   stm32f1xx_hal.o
       158         14          0          0          0      28030   stm32f1xx_hal_cortex.o
       374          8          0          0          0       1739   stm32f1xx_hal_dma.o
       514         42          0          0          0       2812   stm32f1xx_hal_gpio.o
        72         10          0          0          0        810   stm32f1xx_hal_msp.o
        12          4          0          0          0        483   stm32f1xx_hal_pwr.o
      1304         94         18          0          0       5517   stm32f1xx_hal_rcc.o
       420         30         18          0          0       2425   stm32f1xx_hal_rcc_ex.o
       312          4          0          0          0       3552   stm32f1xx_hal_rtc.o
      2326        118          0          0          0      17962   stm32f1xx_hal_tim.o
       212         20          0          0          0       3033   stm32f1xx_hal_tim_ex.o
       140         22          0          0         72       1331   stm32f1xx_hal_timebase_tim.o
      1200         10          0          0          0       7640   stm32f1xx_hal_uart.o
        60         24          0          0          0       4016   stm32f1xx_it.o
         0          0          0          0          0        384   stream_buffer.o
         2          0         24          4          0       1023   system_stm32f1xx.o
      1506        110          0         60        240      15614   tasks.o
      1240        108          0          0        432       6199   tim.o
       344         42          0          0        144       2241   usart.o

    ----------------------------------------------------------------------
     13636       1006        436        184       6336     710961   Object Totals
         0          0         32          0          0          0   (incl. Generated)
        34          0          0          0          0          0   (incl. Padding)

    ----------------------------------------------------------------------

      Code (inc. data)   RO Data    RW Data    ZI Data      Debug   Library Member Name

         8          0          0          0          0         68   __main.o
         0          0          0          0          0          0   __rtentry.o
        12          0          0          0          0          0   __rtentry2.o
         6          0          0          0          0          0   __rtentry4.o
        52          8          0          0          0          0   __scatter.o
        26          0          0          0          0          0   __scatter_copy.o
        28          0          0          0          0          0   __scatter_zi.o
        18          0          0          0          0         80   exit.o
         6          0          0          0          0        152   heapauxi.o
         0          0          0          0          0          0   indicate_semi.o
         2          0          0          0          0          0   libinit.o
         2          0          0          0          0          0   libinit2.o
         2          0          0          0          0          0   libshutdown.o
         2          0          0          0          0          0   libshutdown2.o
         8          4          0          0         96         68   libspace.o
        78          0          0          0          0         80   rt_memclr_w.o
       100          0          0          0          0         80   rt_memcpy_w.o
         2          0          0          0          0          0   rtexit.o
        10          0          0          0          0          0   rtexit2.o
        12          4          0          0          0         68   sys_exit.o
        74          0          0          0          0         80   sys_stackheap_outer.o
         2          0          0          0          0         68   use_no_semi.o
       804         16          0          0          0        272   daddsub_clz.o
        94          4          0          0          0         92   dfix.o
        46          0          0          0          0         68   dflt_clz.o
       340         12          0          0          0        104   dmul.o
       156          4          0          0          0         92   dnaninf.o
        12          0          0          0          0         68   dretinf.o
         0          0          0          0          0          0   usenofp.o

    ----------------------------------------------------------------------
      1908         52          0          0         96       1440   Library Totals
         6          0          0          0          0          0   (incl. Padding)

    ----------------------------------------------------------------------

      Code (inc. data)   RO Data    RW Data    ZI Data      Debug   Library Name

       450         16          0          0         96        744   c_w.l
      1452         36          0          0          0        696   fz_ws.l

    ----------------------------------------------------------------------
      1908         52          0          0         96       1440   Library Totals

    ----------------------------------------------------------------------

==============================================================================


      Code (inc. data)   RO Data    RW Data    ZI Data      Debug   

     15544       1058        436        184       6432     704337   Grand Totals
     15544       1058        436        184       6432     704337   ELF Image Totals
     15544       1058        436        184          0          0   ROM Totals

==============================================================================

    Total RO  Size (Code + RO Data)                15980 (  15.61kB)
    Total RW  Size (RW Data + ZI Data)              6616 (   6.46kB)
    Total ROM Size (Code + RO Data + RW Data)      16164 (  15.79kB)

==============================================================================

